Component: ARM Compiler 5.06 update 5 (build 528) Tool: armlink [4d35e2]

==============================================================================

Section Cross References

    main.o(i.Data_Switch) refers to main.o(.bss) for Switch_Buf
    main.o(i.IWDG_Init) refers to stm32f10x_iwdg.o(i.IWDG_WriteAccessCmd) for IWDG_WriteAccessCmd
    main.o(i.IWDG_Init) refers to stm32f10x_iwdg.o(i.IWDG_SetPrescaler) for IWDG_SetPrescaler
    main.o(i.IWDG_Init) refers to stm32f10x_iwdg.o(i.IWDG_SetReload) for IWDG_SetReload
    main.o(i.IWDG_Init) refers to stm32f10x_iwdg.o(i.IWDG_ReloadCounter) for IWDG_ReloadCounter
    main.o(i.IWDG_Init) refers to stm32f10x_iwdg.o(i.IWDG_Enable) for IWDG_Enable
    main.o(i.Log) refers to ff.o(i.f_open) for f_open
    main.o(i.Log) refers to ff.o(i.f_lseek) for f_lseek
    main.o(i.Log) refers to strlen.o(.text) for strlen
    main.o(i.Log) refers to ff.o(i.f_write) for f_write
    main.o(i.Log) refers to ff.o(i.f_close) for f_close
    main.o(i.Log) refers to ff.o(i.f_mount) for f_mount
    main.o(i.Log) refers to main.o(.data) for res
    main.o(i.Log) refers to main.o(.bss) for F_NAME
    main.o(i.Uart4_433_Init) refers to stm32f10x_gpio.o(i.GPIO_ResetBits) for GPIO_ResetBits
    main.o(i.Uart4_433_Init) refers to usart.o(i.UsartPrintf) for UsartPrintf
    main.o(i.Uart4_433_Init) refers to stm32f10x_gpio.o(i.GPIO_SetBits) for GPIO_SetBits
    main.o(i.Write_Version) refers to stm32f10x_flash.o(i.FLASH_Unlock) for FLASH_Unlock
    main.o(i.Write_Version) refers to stm32f10x_flash.o(i.FLASH_ErasePage) for FLASH_ErasePage
    main.o(i.Write_Version) refers to stm32f10x_flash.o(i.FLASH_ProgramWord) for FLASH_ProgramWord
    main.o(i.Write_Version) refers to stm32f10x_flash.o(i.FLASH_Lock) for FLASH_Lock
    main.o(i.main) refers to misc.o(i.NVIC_SetVectorTable) for NVIC_SetVectorTable
    main.o(i.main) refers to delay.o(i.Delay_Init) for Delay_Init
    main.o(i.main) refers to usart.o(i.usart1_config) for usart1_config
    main.o(i.main) refers to usart.o(i.usart2_config) for usart2_config
    main.o(i.main) refers to usart.o(i.usart3_config) for usart3_config
    main.o(i.main) refers to usart.o(i.usart4_config) for usart4_config
    main.o(i.main) refers to gpio.o(i.LED_SET_Init) for LED_SET_Init
    main.o(i.main) refers to tf.o(i.MSD0_SPI_Configuration) for MSD0_SPI_Configuration
    main.o(i.main) refers to main.o(i.IWDG_Init) for IWDG_Init
    main.o(i.main) refers to iic.o(i.IIC_Init) for IIC_Init
    main.o(i.main) refers to main.o(i.Write_Version) for Write_Version
    main.o(i.main) refers to ff.o(i.f_mount) for f_mount
    main.o(i.main) refers to __2sprintf.o(.text) for __2sprintf
    main.o(i.main) refers to freertos.o(i.FreeRTOS_Init) for FreeRTOS_Init
    main.o(i.main) refers to freertos.o(i.osKernelStart) for osKernelStart
    main.o(i.main) refers to main.o(.bss) for fs
    main.o(i.main) refers to main.o(.data) for res
    stm32f10x_it.o(i.UART4_IRQHandler) refers to stm32f10x_usart.o(i.USART_GetITStatus) for USART_GetITStatus
    stm32f10x_it.o(i.UART4_IRQHandler) refers to stm32f10x_usart.o(i.USART_ReceiveData) for USART_ReceiveData
    stm32f10x_it.o(i.UART4_IRQHandler) refers to jy901.o(i.JY_Turn_Char) for JY_Turn_Char
    stm32f10x_it.o(i.UART4_IRQHandler) refers to stm32f10x_usart.o(i.USART_ClearITPendingBit) for USART_ClearITPendingBit
    stm32f10x_it.o(i.UART4_IRQHandler) refers to usart.o(.data) for RX_JY_COUNT
    stm32f10x_it.o(i.UART4_IRQHandler) refers to usart.o(.bss) for RX_JY_BUF
    stm32f10x_it.o(i.USART1_IRQHandler) refers to stm32f10x_usart.o(i.USART_GetITStatus) for USART_GetITStatus
    stm32f10x_it.o(i.USART1_IRQHandler) refers to stm32f10x_usart.o(i.USART_ReceiveData) for USART_ReceiveData
    stm32f10x_it.o(i.USART1_IRQHandler) refers to tasks.o(i.vTaskNotifyGiveFromISR) for vTaskNotifyGiveFromISR
    stm32f10x_it.o(i.USART1_IRQHandler) refers to rt_memcpy_v6.o(.text) for __aeabi_memcpy
    stm32f10x_it.o(i.USART1_IRQHandler) refers to rt_memclr.o(.text) for __aeabi_memclr
    stm32f10x_it.o(i.USART1_IRQHandler) refers to stm32f10x_usart.o(i.USART_ClearFlag) for USART_ClearFlag
    stm32f10x_it.o(i.USART1_IRQHandler) refers to usart.o(.data) for RX_RNSS_COUNT
    stm32f10x_it.o(i.USART1_IRQHandler) refers to usart.o(.bss) for RX_RNSS_BUF
    stm32f10x_it.o(i.USART1_IRQHandler) refers to freertos.o(.data) for xRnssReceiveHandler
    stm32f10x_it.o(i.USART2_IRQHandler) refers to stm32f10x_usart.o(i.USART_GetITStatus) for USART_GetITStatus
    stm32f10x_it.o(i.USART2_IRQHandler) refers to stm32f10x_usart.o(i.USART_ITConfig) for USART_ITConfig
    stm32f10x_it.o(i.USART2_IRQHandler) refers to stm32f10x_usart.o(i.USART_ClearITPendingBit) for USART_ClearITPendingBit
    stm32f10x_it.o(i.USART2_IRQHandler) refers to stm32f10x_usart.o(i.USART_ReceiveData) for USART_ReceiveData
    stm32f10x_it.o(i.USART2_IRQHandler) refers to stm32f10x_usart.o(i.USART_SendData) for USART_SendData
[...]
    DMA1_Channel2_IRQHandler                 0x0800136b   Thumb Code     0  startup_stm32f10x_hd.o(.text)
    DMA1_Channel3_IRQHandler                 0x0800136b   Thumb Code     0  startup_stm32f10x_hd.o(.text)
    DMA1_Channel4_IRQHandler                 0x0800136b   Thumb Code     0  startup_stm32f10x_hd.o(.text)
    DMA1_Channel5_IRQHandler                 0x0800136b   Thumb Code     0  startup_stm32f10x_hd.o(.text)
    DMA1_Channel6_IRQHandler                 0x0800136b   Thumb Code     0  startup_stm32f10x_hd.o(.text)
    DMA1_Channel7_IRQHandler                 0x0800136b   Thumb Code     0  startup_stm32f10x_hd.o(.text)
    DMA2_Channel1_IRQHandler                 0x0800136b   Thumb Code     0  startup_stm32f10x_hd.o(.text)
    DMA2_Channel2_IRQHandler                 0x0800136b   Thumb Code     0  startup_stm32f10x_hd.o(.text)
    DMA2_Channel3_IRQHandler                 0x0800136b   Thumb Code     0  startup_stm32f10x_hd.o(.text)
    DMA2_Channel4_5_IRQHandler               0x0800136b   Thumb Code     0  startup_stm32f10x_hd.o(.text)
    EXTI0_IRQHandler                         0x0800136b   Thumb Code     0  startup_stm32f10x_hd.o(.text)
    EXTI15_10_IRQHandler                     0x0800136b   Thumb Code     0  startup_stm32f10x_hd.o(.text)
    EXTI1_IRQHandler                         0x0800136b   Thumb Code     0  startup_stm32f10x_hd.o(.text)
    EXTI2_IRQHandler                         0x0800136b   Thumb Code     0  startup_stm32f10x_hd.o(.text)
    EXTI3_IRQHandler                         0x0800136b   Thumb Code     0  startup_stm32f10x_hd.o(.text)
    EXTI4_IRQHandler                         0x0800136b   Thumb Code     0  startup_stm32f10x_hd.o(.text)
    EXTI9_5_IRQHandler                       0x0800136b   Thumb Code     0  startup_stm32f10x_hd.o(.text)
    FLASH_IRQHandler                         0x0800136b   Thumb Code     0  startup_stm32f10x_hd.o(.text)
    FSMC_IRQHandler                          0x0800136b   Thumb Code     0  startup_stm32f10x_hd.o(.text)
    I2C1_ER_IRQHandler                       0x0800136b   Thumb Code     0  startup_stm32f10x_hd.o(.text)
    I2C1_EV_IRQHandler                       0x0800136b   Thumb Code     0  startup_stm32f10x_hd.o(.text)
    I2C2_ER_IRQHandler                       0x0800136b   Thumb Code     0  startup_stm32f10x_hd.o(.text)
    I2C2_EV_IRQHandler                       0x0800136b   Thumb Code     0  startup_stm32f10x_hd.o(.text)
    PVD_IRQHandler                           0x0800136b   Thumb Code     0  startup_stm32f10x_hd.o(.text)
    RCC_IRQHandler                           0x0800136b   Thumb Code     0  startup_stm32f10x_hd.o(.text)
    RTCAlarm_IRQHandler                      0x0800136b   Thumb Code     0  startup_stm32f10x_hd.o(.text)
    RTC_IRQHandler                           0x0800136b   Thumb Code     0  startup_stm32f10x_hd.o(.text)
    SDIO_IRQHandler                          0x0800136b   Thumb Code     0  startup_stm32f10x_hd.o(.text)
    SPI1_IRQHandler                          0x0800136b   Thumb Code     0  startup_stm32f10x_hd.o(.text)
    SPI2_IRQHandler                          0x0800136b   Thumb Code     0  startup_stm32f10x_hd.o(.text)
    SPI3_IRQHandler                          0x0800136b   Thumb Code     0  startup_stm32f10x_hd.o(.text)
    TAMPER_IRQHandler                        0x0800136b   Thumb Code     0  startup_stm32f10x_hd.o(.text)
    TIM1_BRK_IRQHandler                      0x0800136b   Thumb Code     0  startup_stm32f10x_hd.o(.text)
    TIM1_CC_IRQHandler                       0x0800136b   Thumb Code     0  startup_stm32f10x_hd.o(.text)
    TIM1_TRG_COM_IRQHandler                  0x0800136b   Thumb Code     0  startup_stm32f10x_hd.o(.text)
    TIM1_UP_IRQHandler                       0x0800136b   Thumb Code     0  startup_stm32f10x_hd.o(.text)
    TIM2_IRQHandler                          0x0800136b   Thumb Code     0  startup_stm32f10x_hd.o(.text)
    TIM3_IRQHandler                          0x0800136b   Thumb Code     0  startup_stm32f10x_hd.o(.text)
    TIM4_IRQHandler                          0x0800136b   Thumb Code     0  startup_stm32f10x_hd.o(.text)
    TIM5_IRQHandler                          0x0800136b   Thumb Code     0  startup_stm32f10x_hd.o(.text)
    TIM6_IRQHandler                          0x0800136b   Thumb Code     0  startup_stm32f10x_hd.o(.text)
    TIM7_IRQHandler                          0x0800136b   Thumb Code     0  startup_stm32f10x_hd.o(.text)
    TIM8_BRK_IRQHandler                      0x0800136b   Thumb Code     0  startup_stm32f10x_hd.o(.text)
    TIM8_CC_IRQHandler                       0x0800136b   Thumb Code     0  startup_stm32f10x_hd.o(.text)
    TIM8_TRG_COM_IRQHandler                  0x0800136b   Thumb Code     0  startup_stm32f10x_hd.o(.text)
    TIM8_UP_IRQHandler                       0x0800136b   Thumb Code     0  startup_stm32f10x_hd.o(.text)
    UART5_IRQHandler                         0x0800136b   Thumb Code     0  startup_stm32f10x_hd.o(.text)
    USBWakeUp_IRQHandler                     0x0800136b   Thumb Code     0  startup_stm32f10x_hd.o(.text)
    USB_HP_CAN1_TX_IRQHandler                0x0800136b   Thumb Code     0  startup_stm32f10x_hd.o(.text)
    USB_LP_CAN1_RX0_IRQHandler               0x0800136b   Thumb Code     0  startup_stm32f10x_hd.o(.text)
    WWDG_IRQHandler                          0x0800136b   Thumb Code     0  startup_stm32f10x_hd.o(.text)
    __user_initial_stackheap                 0x0800136d   Thumb Code     0  startup_stm32f10x_hd.o(.text)
    vsprintf                                 0x08001391   Thumb Code    32  vsprintf.o(.text)
    __2sprintf                               0x080013b5   Thumb Code    38  __2sprintf.o(.text)
    _printf_pre_padding                      0x080013e1   Thumb Code    44  _printf_pad.o(.text)
    _printf_post_padding                     0x0800140d   Thumb Code    34  _printf_pad.o(.text)
    _printf_int_dec                          0x08001431   Thumb Code   104  _printf_dec.o(.text)
    __printf                                 0x080014a9   Thumb Code   388  __printf_flags_ss_wp.o(.text)
    strlen                                   0x08001631   Thumb Code    62  strlen.o(.text)
    __aeabi_memcpy                           0x0800166f   Thumb Code     0  rt_memcpy_v6.o(.text)
    __rt_memcpy                              0x0800166f   Thumb Code   138  rt_memcpy_v6.o(.text)
    _memcpy_lastbytes                        0x080016d5   Thumb Code     0  rt_memcpy_v6.o(.text)
    __aeabi_memset                           0x080016f9   Thumb Code    16  aeabi_memset.o(.text)
    __aeabi_memclr                           0x08001709   Thumb Code     0  rt_memclr.o(.text)
    __rt_memclr                              0x08001709   Thumb Code    68  rt_memclr.o(.text)
    _memset                                  0x0800170d   Thumb Code     0  rt_memclr.o(.text)
    __aeabi_memclr4                          0x0800174d   Thumb Code     0  rt_memclr_w.o(.text)
    __aeabi_memclr8                          0x0800174d   Thumb Code     0  rt_memclr_w.o(.text)
    __rt_memclr_w                            0x0800174d   Thumb Code    78  rt_memclr_w.o(.text)
    _memset_w                                0x08001751   Thumb Code     0  rt_memclr_w.o(.text)
    __use_two_region_memory                  0x0800179b   Thumb Code     2  heapauxi.o(.text)
    __rt_heap_escrow$2region                 0x0800179d   Thumb Code     2  heapauxi.o(.text)
    __rt_heap_expand$2region                 0x0800179f   Thumb Code     2  heapauxi.o(.text)
    _printf_truncate_signed                  0x080017a1   Thumb Code    18  _printf_truncate.o(.text)
    _printf_truncate_unsigned                0x080017b3   Thumb Code    18  _printf_truncate.o(.text)
    _printf_str                              0x080017c5   Thumb Code    82  _printf_str.o(.text)
    _printf_int_common                       0x08001817   Thumb Code   178  _printf_intcommon.o(.text)
    _printf_charcount                        0x080018c9   Thumb Code    40  _printf_charcount.o(.text)
    __lib_sel_fp_printf                      0x080018f1   Thumb Code     2  _printf_fp_dec.o(.text)
    _printf_fp_dec_real                      0x08001aa3   Thumb Code   620  _printf_fp_dec.o(.text)
    _printf_char_common                      0x08001d1b   Thumb Code    32  _printf_char_common.o(.text)
    _sputc                                   0x08001d41   Thumb Code    10  _sputc.o(.text)
    _printf_wctomb                           0x08001d4d   Thumb Code   182  _printf_wctomb.o(.text)
    _printf_longlong_dec                     0x08001e09   Thumb Code   108  _printf_longlong_dec.o(.text)
    _printf_longlong_oct                     0x08001e85   Thumb Code    66  _printf_oct_int_ll.o(.text)
    _printf_int_oct                          0x08001ec7   Thumb Code    24  _printf_oct_int_ll.o(.text)
    _printf_ll_oct                           0x08001edf   Thumb Code    12  _printf_oct_int_ll.o(.text)
    _printf_longlong_hex                     0x08001ef5   Thumb Code    86  _printf_hex_int_ll_ptr.o(.text)
    _printf_int_hex                          0x08001f4b   Thumb Code    28  _printf_hex_int_ll_ptr.o(.text)
    _printf_ll_hex                           0x08001f67   Thumb Code    12  _printf_hex_int_ll_ptr.o(.text)
    _printf_hex_ptr                          0x08001f73   Thumb Code    18  _printf_hex_int_ll_ptr.o(.text)
    __aeabi_memcpy4                          0x08001f89   Thumb Code     0  rt_memcpy_w.o(.text)
    __aeabi_memcpy8                          0x08001f89   Thumb Code     0  rt_memcpy_w.o(.text)
    __rt_memcpy_w                            0x08001f89   Thumb Code   100  rt_memcpy_w.o(.text)
    _memcpy_lastbytes_aligned                0x08001fd1   Thumb Code     0  rt_memcpy_w.o(.text)
    __rt_locale                              0x08001fed   Thumb Code     8  rt_locale_intlibspace.o(.text)
    _ll_udiv10                               0x08001ff5   Thumb Code   138  lludiv10.o(.text)
    _printf_fp_hex_real                      0x08002081   Thumb Code   756  _printf_fp_hex.o(.text)
    _printf_fp_infnan                        0x0800237d   Thumb Code   112  _printf_fp_infnan.o(.text)
    _printf_cs_common                        0x080023fd   Thumb Code    20  _printf_char.o(.text)
    _printf_char                             0x08002411   Thumb Code    16  _printf_char.o(.text)
    _printf_string                           0x08002421   Thumb Code     8  _printf_char.o(.text)
    _printf_lcs_common                       0x08002429   Thumb Code    20  _printf_wchar.o(.text)
    _printf_wchar                            0x0800243d   Thumb Code    16  _printf_wchar.o(.text)
    _printf_wstring                          0x0800244d   Thumb Code     8  _printf_wchar.o(.text)
    _btod_etento                             0x08002455   Thumb Code   224  bigflt0.o(.text)
    _wcrtomb                                 0x08002539   Thumb Code    64  _wcrtomb.o(.text)
    __user_libspace                          0x08002579   Thumb Code     8  libspace.o(.text)
    __user_perproc_libspace                  0x08002579   Thumb Code     0  libspace.o(.text)
    __user_perthread_libspace                0x08002579   Thumb Code     0  libspace.o(.text)
    __user_setup_stackheap                   0x08002581   Thumb Code    74  sys_stackheap_outer.o(.text)
    __rt_ctype_table                         0x080025cd   Thumb Code    16  rt_ctype_table.o(.text)
    exit                                     0x080025dd   Thumb Code    18  exit.o(.text)
    strcmp                                   0x080025f1   Thumb Code   128  strcmpv7m.o(.text)
    _sys_exit                                0x08002671   Thumb Code     8  sys_exit.o(.text)
    __I$use$semihosting                      0x0800267d   Thumb Code     0  use_no_semi.o(.text)
    __use_no_semihosting_swi                 0x0800267d   Thumb Code     2  use_no_semi.o(.text)
    __semihosting_library_function           0x0800267f   Thumb Code     0  indicate_semi.o(.text)
    _btod_d2e                                0x0800267f   Thumb Code    62  btod.o(CL$$btod_d2e)
    _d2e_denorm_low                          0x080026bd   Thumb Code    70  btod.o(CL$$btod_d2e_denorm_low)
    _d2e_norm_op1                            0x08002703   Thumb Code    96  btod.o(CL$$btod_d2e_norm_op1)
    __btod_div_common                        0x08002763   Thumb Code   696  btod.o(CL$$btod_div_common)
    _e2e                                     0x08002a9b   Thumb Code   220  btod.o(CL$$btod_e2e)
    _btod_ediv                               0x08002b77   Thumb Code    42  btod.o(CL$$btod_ediv)
    _btod_emul                               0x08002ba1   Thumb Code    42  btod.o(CL$$btod_emul)
    __btod_mult_common                       0x08002bcb   Thumb Code   580  btod.o(CL$$btod_mult_common)
    BusFault_Handler                         0x08002e0f   Thumb Code     4  stm32f10x_it.o(i.BusFault_Handler)
    CRC_Check                                0x08002e13   Thumb Code    28  bd_rnss.o(i.CRC_Check)
    Data_Switch                              0x08002e31   Thumb Code   124  main.o(i.Data_Switch)
    DebugMon_Handler                         0x08002eb1   Thumb Code     2  stm32f10x_it.o(i.DebugMon_Handler)
    Delay_Init                               0x08002eb5   Thumb Code    74  delay.o(i.Delay_Init)
    FLASH_ErasePage                          0x08002f11   Thumb Code    72  stm32f10x_flash.o(i.FLASH_ErasePage)
    FLASH_GetBank1Status                     0x08002f5d   Thumb Code    48  stm32f10x_flash.o(i.FLASH_GetBank1Status)
    FLASH_Lock                               0x08002f91   Thumb Code    14  stm32f10x_flash.o(i.FLASH_Lock)
    FLASH_ProgramWord                        0x08002fa5   Thumb Code   102  stm32f10x_flash.o(i.FLASH_ProgramWord)
    FLASH_Unlock                             0x08003011   Thumb Code    12  stm32f10x_flash.o(i.FLASH_Unlock)
    FLASH_WaitForLastOperation               0x08003029   Thumb Code    38  stm32f10x_flash.o(i.FLASH_WaitForLastOperation)
    FreeRTOS_Init                            0x08003051   Thumb Code    26  freertos.o(i.FreeRTOS_Init)
    GNPX_Handle                              0x08003089   Thumb Code   700  freertos.o(i.GNPX_Handle)
    GPIO_Init                                0x080033b9   Thumb Code   278  stm32f10x_gpio.o(i.GPIO_Init)
    GPIO_PinRemapConfig                      0x080034d1   Thumb Code   138  stm32f10x_gpio.o(i.GPIO_PinRemapConfig)
    GPIO_ReadInputDataBit                    0x08003561   Thumb Code    18  stm32f10x_gpio.o(i.GPIO_ReadInputDataBit)
    GPIO_ResetBits                           0x08003573   Thumb Code     4  stm32f10x_gpio.o(i.GPIO_ResetBits)
    GPIO_SetBits                             0x08003577   Thumb Code     4  stm32f10x_gpio.o(i.GPIO_SetBits)
    Get_CRC                                  0x0800357b   Thumb Code    26  bd_rnss.o(i.Get_CRC)
    HardFault_Handler                        0x08003595   Thumb Code     4  stm32f10x_it.o(i.HardFault_Handler)
    I2C_ReadByte                             0x08003599   Thumb Code   106  iic.o(i.I2C_ReadByte)
    I2C_WriteByte                            0x08003603   Thumb Code    92  iic.o(i.I2C_WriteByte)
    IIC_Ack                                  0x08003661   Thumb Code    60  iic.o(i.IIC_Ack)
    IIC_Init                                 0x080036a5   Thumb Code    66  iic.o(i.IIC_Init)
    IIC_NAck                                 0x080036ed   Thumb Code    60  iic.o(i.IIC_NAck)
    IIC_RecvByte                             0x08003731   Thumb Code    86  iic.o(i.IIC_RecvByte)
    IIC_SendByte                             0x08003791   Thumb Code    96  iic.o(i.IIC_SendByte)
    IIC_SpeedCtl                             0x080037f9   Thumb Code     6  iic.o(i.IIC_SpeedCtl)
    IIC_Start                                0x08003805   Thumb Code    60  iic.o(i.IIC_Start)
    IIC_Stop                                 0x08003849   Thumb Code    60  iic.o(i.IIC_Stop)
    IIC_WaitAck                              0x0800388d   Thumb Code   100  iic.o(i.IIC_WaitAck)
    IWDG_Enable                              0x08003911   Thumb Code    10  stm32f10x_iwdg.o(i.IWDG_Enable)
    IWDG_Init                                0x08003921   Thumb Code    36  main.o(i.IWDG_Init)
    IWDG_ReloadCounter                       0x08003945   Thumb Code    10  stm32f10x_iwdg.o(i.IWDG_ReloadCounter)
    IWDG_SetPrescaler                        0x08003955   Thumb Code     6  stm32f10x_iwdg.o(i.IWDG_SetPrescaler)
    IWDG_SetReload                           0x08003961   Thumb Code     6  stm32f10x_iwdg.o(i.IWDG_SetReload)
    IWDG_WriteAccessCmd                      0x0800396d   Thumb Code     6  stm32f10x_iwdg.o(i.IWDG_WriteAccessCmd)
    JY_Turn_Char                             0x08003979   Thumb Code   188  jy901.o(i.JY_Turn_Char)
    LED_433_Init                             0x08003a59   Thumb Code    46  gpio.o(i.LED_433_Init)
    LED_BLE_Init                             0x08003a8d   Thumb Code    44  gpio.o(i.LED_BLE_Init)
    LED_ERROR_Init                           0x08003abd   Thumb Code    46  gpio.o(i.LED_ERROR_Init)
    LED_SET_Init                             0x08003af1   Thumb Code    20  gpio.o(i.LED_SET_Init)
    Log                                      0x08003b05   Thumb Code    84  main.o(i.Log)
    MSD0_GetCardInfo                         0x08003b6d   Thumb Code   716  tf.o(i.MSD0_GetCardInfo)
    MSD0_Init                                0x08003e39   Thumb Code   580  tf.o(i.MSD0_Init)
    MSD0_ReadMultiBlock                      0x08004085   Thumb Code   132  tf.o(i.MSD0_ReadMultiBlock)
    MSD0_ReadSingleBlock                     0x08004111   Thumb Code    62  tf.o(i.MSD0_ReadSingleBlock)
    MSD0_SPIHighSpeed                        0x08004155   Thumb Code    84  tf.o(i.MSD0_SPIHighSpeed)
    MSD0_SPI_Configuration                   0x080041ad   Thumb Code   128  tf.o(i.MSD0_SPI_Configuration)
    MSD0_WriteMultiBlock                     0x08004239   Thumb Code   310  tf.o(i.MSD0_WriteMultiBlock)
    MSD0_WriteSingleBlock                    0x08004379   Thumb Code   220  tf.o(i.MSD0_WriteSingleBlock)
    MSD0_read_buffer                         0x0800445d   Thumb Code   146  tf.o(i.MSD0_read_buffer)
    MSD0_send_command                        0x080044f5   Thumb Code   130  tf.o(i.MSD0_send_command)
    MSD0_send_command_hold                   0x0800457d   Thumb Code   112  tf.o(i.MSD0_send_command_hold)
    MSD0_spi_read_write                      0x080045f1   Thumb Code    40  tf.o(i.MSD0_spi_read_write)
    MemManage_Handler                        0x0800461d   Thumb Code     4  stm32f10x_it.o(i.MemManage_Handler)
    NMI_Handler                              0x08004621   Thumb Code     2  stm32f10x_it.o(i.NMI_Handler)
    NVIC_Init                                0x08004625   Thumb Code   100  misc.o(i.NVIC_Init)
    NVIC_SetVectorTable                      0x08004695   Thumb Code    12  misc.o(i.NVIC_SetVectorTable)
    RCC_APB1PeriphClockCmd                   0x080046a9   Thumb Code    26  stm32f10x_rcc.o(i.RCC_APB1PeriphClockCmd)
    RCC_APB2PeriphClockCmd                   0x080046c9   Thumb Code    26  stm32f10x_rcc.o(i.RCC_APB2PeriphClockCmd)
    RCC_GetClocksFreq                        0x080046e9   Thumb Code   192  stm32f10x_rcc.o(i.RCC_GetClocksFreq)
    RNSS_CMD                                 0x080047bd   Thumb Code    18  bd_rnss.o(i.RNSS_CMD)
    RNSS_Cmp                                 0x080047d5   Thumb Code   450  bd_rnss.o(i.RNSS_Cmp)
    RNSS_FKXX_GET                            0x08004997   Thumb Code    42  bd_rnss.o(i.RNSS_FKXX_GET)
    RNSS_GNPS_GET                            0x080049c1   Thumb Code   284  bd_rnss.o(i.RNSS_GNPS_GET)
    RNSS_ICJC_GET                            0x08004ae9   Thumb Code    66  bd_rnss.o(i.RNSS_ICJC_GET)
    RNSS_SJSC_GET                            0x08004b31   Thumb Code    38  bd_rnss.o(i.RNSS_SJSC_GET)
    RNSS_XTZJ_GET                            0x08004b5d   Thumb Code   170  bd_rnss.o(i.RNSS_XTZJ_GET)
    SET_433_Init                             0x08004c15   Thumb Code    46  gpio.o(i.SET_433_Init)
    SHT20_read_user_reg                      0x08004c49   Thumb Code    22  sht20.o(i.SHT20_read_user_reg)
    SHT20_reset                              0x08004c5f   Thumb Code    14  sht20.o(i.SHT20_reset)
    SHT2x_CalcRH                             0x08004c6d   Thumb Code    60  sht20.o(i.SHT2x_CalcRH)
    SHT2x_CalcTemperatureC                   0x08004cb5   Thumb Code    60  sht20.o(i.SHT2x_CalcTemperatureC)
    SHT2x_CheckCrc                           0x08004d01   Thumb Code    74  sht20.o(i.SHT2x_CheckCrc)
    SHT2x_MeasureHM                          0x08004d4b   Thumb Code   208  sht20.o(i.SHT2x_MeasureHM)
    SPI_Cmd                                  0x08004e1b   Thumb Code    24  stm32f10x_spi.o(i.SPI_Cmd)
    SPI_Init                                 0x08004e33   Thumb Code    60  stm32f10x_spi.o(i.SPI_Init)
    Sht20_GetValue                           0x08004f59   Thumb Code   138  sht20.o(i.Sht20_GetValue)
    SysTick_CLKSourceConfig                  0x08004ff1   Thumb Code    40  misc.o(i.SysTick_CLKSourceConfig)
    SystemInit                               0x08005019   Thumb Code    78  system_stm32f10x.o(i.SystemInit)
    TXSQ_Handle                              0x08005079   Thumb Code   120  freertos.o(i.TXSQ_Handle)
    UART4_IRQHandler                         0x08005101   Thumb Code   156  stm32f10x_it.o(i.UART4_IRQHandler)
    USART1_IRQHandler                        0x080051a9   Thumb Code   188  stm32f10x_it.o(i.USART1_IRQHandler)
    USART2_IRQHandler                        0x08005281   Thumb Code    82  stm32f10x_it.o(i.USART2_IRQHandler)
    USART3_IRQHandler                        0x080052dd   Thumb Code   460  stm32f10x_it.o(i.USART3_IRQHandler)
    USART_ClearFlag                          0x080054bd   Thumb Code    18  stm32f10x_usart.o(i.USART_ClearFlag)
    USART_ClearITPendingBit                  0x080054cf   Thumb Code    30  stm32f10x_usart.o(i.USART_ClearITPendingBit)
    USART_Cmd                                0x080054ed   Thumb Code    24  stm32f10x_usart.o(i.USART_Cmd)
    USART_GetFlagStatus                      0x08005505   Thumb Code    26  stm32f10x_usart.o(i.USART_GetFlagStatus)
    USART_GetITStatus                        0x0800551f   Thumb Code    84  stm32f10x_usart.o(i.USART_GetITStatus)
    USART_ITConfig                           0x08005573   Thumb Code    74  stm32f10x_usart.o(i.USART_ITConfig)
    USART_Init                               0x080055bd   Thumb Code   210  stm32f10x_usart.o(i.USART_Init)
    USART_ReceiveData                        0x08005695   Thumb Code    10  stm32f10x_usart.o(i.USART_ReceiveData)
    USART_SendData                           0x0800569f   Thumb Code     8  stm32f10x_usart.o(i.USART_SendData)
    UsageFault_Handler                       0x080056a7   Thumb Code     4  stm32f10x_it.o(i.UsageFault_Handler)
    UsartPrintf                              0x080056ab   Thumb Code    68  usart.o(i.UsartPrintf)
    Usart_SendStr                            0x080056ef   Thumb Code    50  usart.o(i.Usart_SendStr)
    Write_Version                            0x08005721   Thumb Code    26  main.o(i.Write_Version)
    __ARM_fpclassify                         0x08005745   Thumb Code    40  fpclassify.o(i.__ARM_fpclassify)
    _is_digit                                0x0800576d   Thumb Code    14  __printf_wp.o(i._is_digit)
    clust2sect                               0x08005bb5   Thumb Code    26  ff.o(i.clust2sect)
    delay_ms                                 0x08005f5d   Thumb Code    60  delay.o(i.delay_ms)
    delay_us                                 0x08005f9d   Thumb Code    68  delay.o(i.delay_us)
    disk_initialize                          0x08006403   Thumb Code    52  diskio.o(i.disk_initialize)
    disk_ioctl                               0x08006439   Thumb Code   162  diskio.o(i.disk_ioctl)
    disk_read                                0x080064e1   Thumb Code    90  diskio.o(i.disk_read)
    disk_status                              0x0800653b   Thumb Code    30  diskio.o(i.disk_status)
    disk_write                               0x08006559   Thumb Code    90  diskio.o(i.disk_write)
    eTaskGetState                            0x080065b5   Thumb Code   104  tasks.o(i.eTaskGetState)
    f_close                                  0x08006631   Thumb Code    22  ff.o(i.f_close)
    f_lseek                                  0x08006647   Thumb Code   432  ff.o(i.f_lseek)
    f_mount                                  0x080067f9   Thumb Code    38  ff.o(i.f_mount)
    f_open                                   0x08006825   Thumb Code   368  ff.o(i.f_open)
    f_sync                                   0x08006999   Thumb Code   184  ff.o(i.f_sync)
    f_write                                  0x08006a51   Thumb Code   526  ff.o(i.f_write)
    ff_convert                               0x08006c61   Thumb Code    70  ccsbcs.o(i.ff_convert)
    ff_wtoupper                              0x08006cad   Thumb Code    46  ccsbcs.o(i.ff_wtoupper)
    gen_numname                              0x08006e03   Thumb Code   168  ff.o(i.gen_numname)
    get_fat                                  0x08006eab   Thumb Code   228  ff.o(i.get_fat)
    get_fattime                              0x08006f91   Thumb Code    52  diskio.o(i.get_fattime)
    main                                     0x08006fc9   Thumb Code    88  main.o(i.main)
    osKernelStart                            0x080070ff   Thumb Code     8  freertos.o(i.osKernelStart)
    put_fat                                  0x08007463   Thumb Code   310  ff.o(i.put_fat)
    pvPortMalloc                             0x08007599   Thumb Code   166  heap_2.o(i.pvPortMalloc)
    pxPortInitialiseStack                    0x08007651   Thumb Code    30  port.o(i.pxPortInitialiseStack)
    ulTaskNotifyTake                         0x080077c9   Thumb Code   108  tasks.o(i.ulTaskNotifyTake)
    usart1_config                            0x0800783d   Thumb Code   178  usart.o(i.usart1_config)
    usart2_config                            0x080078f9   Thumb Code   168  usart.o(i.usart2_config)
    usart3_config                            0x080079a9   Thumb Code   192  usart.o(i.usart3_config)
    usart4_config                            0x08007a75   Thumb Code   188  usart.o(i.usart4_config)
    uxListRemove                             0x08007b3d   Thumb Code    40  list.o(i.uxListRemove)
    vDataSaveTask                            0x08007b65   Thumb Code   332  freertos.o(i.vDataSaveTask)
    vListInitialise                          0x08007d51   Thumb Code    26  list.o(i.vListInitialise)
    vListInitialiseItem                      0x08007d6b   Thumb Code     6  list.o(i.vListInitialiseItem)
    vListInsert                              0x08007d71   Thumb Code    52  list.o(i.vListInsert)
    vListInsertEnd                           0x08007da5   Thumb Code    24  list.o(i.vListInsertEnd)
    vPortEnterCritical                       0x08007dbd   Thumb Code    30  port.o(i.vPortEnterCritical)
    vPortExitCritical                        0x08007de1   Thumb Code    28  port.o(i.vPortExitCritical)
    vPortFree                                0x08007e01   Thumb Code    56  heap_2.o(i.vPortFree)
    vPortSetupTimerInterrupt                 0x08007e41   Thumb Code    20  port.o(i.vPortSetupTimerInterrupt)
    vRnssReceiveTask                         0x08007e59   Thumb Code   294  freertos.o(i.vRnssReceiveTask)
    vRnssSendTask                            0x08007fbd   Thumb Code   178  freertos.o(i.vRnssSendTask)
    vStart_Task                              0x080080b5   Thumb Code   270  freertos.o(i.vStart_Task)
    vTXSQTask                                0x0800826d   Thumb Code    98  freertos.o(i.vTXSQTask)
    vTaskDelay                               0x080082d9   Thumb Code    46  tasks.o(i.vTaskDelay)
    vTaskDelete                              0x0800830d   Thumb Code   166  tasks.o(i.vTaskDelete)
    vTaskNotifyGiveFromISR                   0x080083d9   Thumb Code   152  tasks.o(i.vTaskNotifyGiveFromISR)
    vTaskStartScheduler                      0x08008489   Thumb Code    72  tasks.o(i.vTaskStartScheduler)
    vTaskSuspendAll                          0x080084ed   Thumb Code    12  tasks.o(i.vTaskSuspendAll)
    vTaskSwitchContext                       0x080084fd   Thumb Code    76  tasks.o(i.vTaskSwitchContext)
    xPortStartScheduler                      0x08008589   Thumb Code    42  port.o(i.xPortStartScheduler)
    xPortSysTickHandler                      0x080085bd   Thumb Code    46  port.o(i.xPortSysTickHandler)
    xTaskCreate                              0x080085f1   Thumb Code    96  tasks.o(i.xTaskCreate)
    xTaskGenericNotify                       0x08008651   Thumb Code   180  tasks.o(i.xTaskGenericNotify)
    xTaskGetSchedulerState                   0x08008715   Thumb Code    24  tasks.o(i.xTaskGetSchedulerState)
    xTaskIncrementTick                       0x08008735   Thumb Code   238  tasks.o(i.xTaskIncrementTick)
    xTaskResumeAll                           0x08008851   Thumb Code   196  tasks.o(i.xTaskResumeAll)
    _get_lc_numeric                          0x08008939   Thumb Code    44  lc_numeric_c.o(locale$$code)
    _get_lc_ctype                            0x08008965   Thumb Code    44  lc_ctype_c.o(locale$$code)
    __aeabi_d2f                              0x08008991   Thumb Code     0  d2f.o(x$fpl$d2f)
    _d2f                                     0x08008991   Thumb Code    98  d2f.o(x$fpl$d2f)
    __aeabi_dadd                             0x080089f5   Thumb Code     0  daddsub_clz.o(x$fpl$dadd)
    _dadd                                    0x080089f5   Thumb Code   332  daddsub_clz.o(x$fpl$dadd)
    __aeabi_ddiv                             0x08008b45   Thumb Code     0  ddiv.o(x$fpl$ddiv)
    _ddiv                                    0x08008b45   Thumb Code   552  ddiv.o(x$fpl$ddiv)
    __aeabi_i2d                              0x08008df5   Thumb Code     0  dflt_clz.o(x$fpl$dflt)
    _dflt                                    0x08008df5   Thumb Code    46  dflt_clz.o(x$fpl$dflt)
    __aeabi_ui2d                             0x08008e23   Thumb Code     0  dflt_clz.o(x$fpl$dfltu)
    _dfltu                                   0x08008e23   Thumb Code    38  dflt_clz.o(x$fpl$dfltu)
    __aeabi_dmul                             0x08008e49   Thumb Code     0  dmul.o(x$fpl$dmul)
    _dmul                                    0x08008e49   Thumb Code   332  dmul.o(x$fpl$dmul)
    __fpl_dnaninf                            0x08008f9d   Thumb Code   156  dnaninf.o(x$fpl$dnaninf)
    __fpl_dretinf                            0x08009039   Thumb Code    12  dretinf.o(x$fpl$dretinf)
    __aeabi_dsub                             0x08009045   Thumb Code     0  daddsub_clz.o(x$fpl$dsub)
    _dsub                                    0x08009045   Thumb Code   464  daddsub_clz.o(x$fpl$dsub)
    __aeabi_f2d                              0x08009219   Thumb Code     0  f2d.o(x$fpl$f2d)
    _f2d                                     0x08009219   Thumb Code    86  f2d.o(x$fpl$f2d)
    __aeabi_fadd                             0x08009271   Thumb Code     0  faddsub_clz.o(x$fpl$fadd)
    _fadd                                    0x08009271   Thumb Code   196  faddsub_clz.o(x$fpl$fadd)
    __fpl_fcmp_Inf                           0x08009335   Thumb Code    24  fcmpi.o(x$fpl$fcmpinf)
    __aeabi_fdiv                             0x0800934d   Thumb Code     0  fdiv.o(x$fpl$fdiv)
    _fdiv                                    0x0800934d   Thumb Code   384  fdiv.o(x$fpl$fdiv)
    __aeabi_f2uiz                            0x080094d1   Thumb Code     0  ffixu.o(x$fpl$ffixu)
    _ffixu                                   0x080094d1   Thumb Code    62  ffixu.o(x$fpl$ffixu)
    __aeabi_i2f                              0x08009511   Thumb Code     0  fflt_clz.o(x$fpl$fflt)
    _fflt                                    0x08009511   Thumb Code    48  fflt_clz.o(x$fpl$fflt)
    __aeabi_ui2f                             0x08009541   Thumb Code     0  fflt_clz.o(x$fpl$ffltu)
    _ffltu                                   0x08009541   Thumb Code    38  fflt_clz.o(x$fpl$ffltu)
    __aeabi_cfcmple                          0x08009569   Thumb Code     0  fleqf.o(x$fpl$fleqf)
    _fcmple                                  0x08009569   Thumb Code   104  fleqf.o(x$fpl$fleqf)
    __fpl_fcmple_InfNaN                      0x080095bb   Thumb Code     0  fleqf.o(x$fpl$fleqf)
    __fpl_fnaninf                            0x080095d1   Thumb Code   140  fnaninf.o(x$fpl$fnaninf)
    __fpl_fretinf                            0x0800965d   Thumb Code    10  fretinf.o(x$fpl$fretinf)
    __aeabi_cfrcmple                         0x08009667   Thumb Code     0  frleqf.o(x$fpl$frleqf)
    _frcmple                                 0x08009667   Thumb Code    98  frleqf.o(x$fpl$frleqf)
    __aeabi_fsub                             0x080096c9   Thumb Code     0  faddsub_clz.o(x$fpl$fsub)
    _fsub                                    0x080096c9   Thumb Code   234  faddsub_clz.o(x$fpl$fsub)
    _printf_fp_dec                           0x080097b3   Thumb Code     4  printf1.o(x$fpl$printf1)
    _printf_fp_hex                           0x080097b7   Thumb Code     4  printf2.o(x$fpl$printf2)
    __I$use$fp                               0x080097ba   Number         0  usenofp.o(x$fpl$usenofp)
    Region$$Table$$Base                      0x08009e08   Number         0  anon$$obj.o(Region$$Table)
    Region$$Table$$Limit                     0x08009e28   Number         0  anon$$obj.o(Region$$Table)
    __ctype                                  0x08009e51   Data           0  lc_ctype_c.o(locale$$data)
    res                                      0x20000000   Data           1  main.o(.data)
    br                                       0x20000004   Data           4  main.o(.data)
    bw                                       0x20000008   Data           4  main.o(.data)
    Server_Addr                              0x2000000c   Data           3  main.o(.data)
    Send_Flag                                0x2000000f   Data           1  main.o(.data)
    CMD                                      0x20000010   Data           1  main.o(.data)
    RX_BLE_COUNT                             0x20000011   Data           1  usart.o(.data)
    RX_RNSS_COUNT                            0x20000012   Data           1  usart.o(.data)
    RX_JY_COUNT                              0x20000013   Data           1  usart.o(.data)
    RX_433_COUNT                             0x20000014   Data           1  usart.o(.data)
    RX_JM_COUNT                              0x20000015   Data           1  usart.o(.data)
    i                                        0x20000018   Data           1  freertos.o(.data)
    TXSQ_COUNT                               0x20000019   Data           1  freertos.o(.data)
    xStartHandler                            0x20000020   Data           4  freertos.o(.data)
    xRnssReceiveHandler                      0x20000024   Data           4  freertos.o(.data)
    xRnssSendHandler                         0x20000028   Data           4  freertos.o(.data)
    xDataSaveHandler                         0x2000002c   Data           4  freertos.o(.data)
    xTXSQHandler                             0x20000030   Data           4  freertos.o(.data)
    iic_info                                 0x20000034   Data           2  iic.o(.data)
    sht20_info                               0x20000038   Data           8  sht20.o(.data)
    fac_us                                   0x20000040   Data           4  delay.o(.data)
    fac_ms                                   0x20000044   Data           4  delay.o(.data)
    icjc                                     0x20000048   Data          12  bd_rnss.o(.data)
    xtzj                                     0x20000054   Data          13  bd_rnss.o(.data)
    sjsc                                     0x20000061   Data          13  bd_rnss.o(.data)
    gnps                                     0x2000006e   Data          13  bd_rnss.o(.data)
    bssz                                     0x2000007b   Data          15  bd_rnss.o(.data)
    sjxx_type                                0x2000008a   Data           8  bd_rnss.o(.data)
    fkxx_type                                0x20000092   Data           6  bd_rnss.o(.data)
    haveHead                                 0x20000098   Data           1  jy901.o(.data)
    stcTime                                  0x2000009a   Data           8  jy901.o(.data)
    stcAcc                                   0x200000a2   Data           8  jy901.o(.data)
    stcGyro                                  0x200000aa   Data           8  jy901.o(.data)
    stcAngle                                 0x200000b2   Data           8  jy901.o(.data)
    stcMag                                   0x200000ba   Data           8  jy901.o(.data)
    stcDStatus                               0x200000c2   Data           8  jy901.o(.data)
    stcPress                                 0x200000cc   Data           8  jy901.o(.data)
    stcLonLat                                0x200000d4   Data           8  jy901.o(.data)
    stcGPSV                                  0x200000dc   Data           8  jy901.o(.data)
    SystemCoreClock                          0x200000e4   Data           4  system_stm32f10x.o(.data)
    AHBPrescTable                            0x200000e8   Data          16  system_stm32f10x.o(.data)
    pxCurrentTCB                             0x2000010c   Data           4  tasks.o(.data)
    fsrc                                     0x200003a0   Data         548  main.o(.bss)
    fdst                                     0x200005c4   Data         548  main.o(.bss)
    TF_BUF                                   0x200007e8   Data        1024  main.o(.bss)
    F_NAME                                   0x20000be8   Data          20  main.o(.bss)
    Switch_Buf                               0x20000bfc   Data          56  main.o(.bss)
    en_qv                                    0x20000c38   Data         120  main.o(.bss)
    RX_BLE_BUF                               0x20000cb0   Data         200  usart.o(.bss)
    RNSS_BUF                                 0x20000d78   Data         200  usart.o(.bss)
    RX_RNSS_BUF                              0x20000e40   Data         200  usart.o(.bss)
    RX_JY_BUF                                0x20000f08   Data          11  usart.o(.bss)
    RX_433_BUF                               0x20000f13   Data         100  usart.o(.bss)
    RX_JM_BUF                                0x20000f77   Data         100  usart.o(.bss)
    ICXX_BUF                                 0x20000fdb   Data          22  freertos.o(.bss)
    ZJXX_BUF                                 0x20000ff1   Data          21  freertos.o(.bss)
    SJXX_BUF                                 0x20001006   Data          18  freertos.o(.bss)
    GNPX_BUF                                 0x20001018   Data          32  freertos.o(.bss)
    FKXX_BUF                                 0x20001038   Data          16  freertos.o(.bss)
    TXSQ_BUF                                 0x20001048   Data          97  freertos.o(.bss)
    TXSQ_Short_Buf                           0x200010a9   Data         112  freertos.o(.bss)
    icxx_type                                0x20001120   Data          15  bd_rnss.o(.bss)
    zjxx_type                                0x2000112f   Data          11  bd_rnss.o(.bss)
    gnpx_type                                0x20001140   Data          40  bd_rnss.o(.bss)
    SD0_CardInfo                             0x20001168   Data          88  tf.o(.bss)
    __libspace_start                         0x20005888   Data          96  libspace.o(.bss)
    __temporary_stack_top$libspace           0x200058e8   Data           0  libspace.o(.bss)



==============================================================================

Memory Map of the image

  Image Entry point : 0x08001131

  Load Region LR_IROM1 (Base: 0x08001000, Size: 0x000090c0, Max: 0x00080000, ABSOLUTE, COMPRESSED[0x00008fa8])

    Execution Region ER_IROM1 (Exec base: 0x08001000, Load base: 0x08001000, Size: 0x00008f54, Max: 0x00080000, ABSOLUTE)

    Exec Addr    Load Addr    Size         Type   Attr      Idx    E Section Name        Object

    0x08001000   0x08001000   0x00000130   Data   RO          858    RESET               startup_stm32f10x_hd.o
    0x08001130   0x08001130   0x00000008   Code   RO         5220  * !!!main             c_w.l(__main.o)
    0x08001138   0x08001138   0x00000034   Code   RO         5572    !!!scatter          c_w.l(__scatter.o)
    0x0800116c   0x0800116c   0x0000005a   Code   RO         5570    !!dczerorl2         c_w.l(__dczerorl2.o)
    0x080011c6   0x080011c6   0x00000002   PAD
    0x080011c8   0x080011c8   0x0000001c   Code   RO         5574    !!handler_zi        c_w.l(__scatter_zi.o)
    0x080011e4   0x080011e4   0x00000000   Code   RO         5207    .ARM.Collect$$_printf_percent$$00000000  c_w.l(_printf_percent.o)
    0x080011e4   0x080011e4   0x00000006   Code   RO         5317    .ARM.Collect$$_printf_percent$$00000001  c_w.l(_printf_n.o)
    0x080011ea   0x080011ea   0x00000006   Code   RO         5319    .ARM.Collect$$_printf_percent$$00000002  c_w.l(_printf_p.o)
    0x080011f0   0x080011f0   0x00000006   Code   RO         5206    .ARM.Collect$$_printf_percent$$00000003  c_w.l(_printf_f.o)
    0x080011f6   0x080011f6   0x00000006   Code   RO         5323    .ARM.Collect$$_printf_percent$$00000004  c_w.l(_printf_e.o)
    0x080011fc   0x080011fc   0x00000006   Code   RO         5324    .ARM.Collect$$_printf_percent$$00000005  c_w.l(_printf_g.o)
    0x08001202   0x08001202   0x00000006   Code   RO         5325    .ARM.Collect$$_printf_percent$$00000006  c_w.l(_printf_a.o)
    0x08001208   0x08001208   0x0000000a   Code   RO         5330    .ARM.Collect$$_printf_percent$$00000007  c_w.l(_printf_ll.o)
    0x08001212   0x08001212   0x00000006   Code   RO         5321    .ARM.Collect$$_printf_percent$$00000008  c_w.l(_printf_i.o)
    0x08001218   0x08001218   0x00000006   Code   RO         5205    .ARM.Collect$$_printf_percent$$00000009  c_w.l(_printf_d.o)
    0x0800121e   0x0800121e   0x00000006   Code   RO         5322    .ARM.Collect$$_printf_percent$$0000000A  c_w.l(_printf_u.o)
    0x08001224   0x08001224   0x00000006   Code   RO         5320    .ARM.Collect$$_printf_percent$$0000000B  c_w.l(_printf_o.o)
    0x0800122a   0x0800122a   0x00000006   Code   RO         5318    .ARM.Collect$$_printf_percent$$0000000C  c_w.l(_printf_x.o)
    0x08001230   0x08001230   0x00000006   Code   RO         5327    .ARM.Collect$$_printf_percent$$0000000D  c_w.l(_printf_lli.o)
    0x08001236   0x08001236   0x00000006   Code   RO         5328    .ARM.Collect$$_printf_percent$$0000000E  c_w.l(_printf_lld.o)
    0x0800123c   0x0800123c   0x00000006   Code   RO         5329    .ARM.Collect$$_printf_percent$$0000000F  c_w.l(_printf_llu.o)
    0x08001242   0x08001242   0x00000006   Code   RO         5334    .ARM.Collect$$_printf_percent$$00000010  c_w.l(_printf_llo.o)
    0x08001248   0x08001248   0x00000006   Code   RO         5335    .ARM.Collect$$_printf_percent$$00000011  c_w.l(_printf_llx.o)
    0x0800124e   0x0800124e   0x0000000a   Code   RO         5331    .ARM.Collect$$_printf_percent$$00000012  c_w.l(_printf_l.o)
    0x08001258   0x08001258   0x00000006   Code   RO         5315    .ARM.Collect$$_printf_percent$$00000013  c_w.l(_printf_c.o)
    0x0800125e   0x0800125e   0x00000006   Code   RO         5316    .ARM.Collect$$_printf_percent$$00000014  c_w.l(_printf_s.o)
    0x08001264   0x08001264   0x00000006   Code   RO         5332    .ARM.Collect$$_printf_percent$$00000015  c_w.l(_printf_lc.o)
    0x0800126a   0x0800126a   0x00000006   Code   RO         5333    .ARM.Collect$$_printf_percent$$00000016  c_w.l(_printf_ls.o)
    0x08001270   0x08001270   0x00000004   Code   RO         5326    .ARM.Collect$$_printf_percent$$00000017  c_w.l(_printf_percent_end.o)
    0x08001274   0x08001274   0x00000002   Code   RO         5440    .ARM.Collect$$libinit$$00000000  c_w.l(libinit.o)
    0x08001276   0x08001276   0x00000000   Code   RO         5442    .ARM.Collect$$libinit$$00000002  c_w.l(libinit2.o)
    0x08001276   0x08001276   0x00000000   Code   RO         5444    .ARM.Collect$$libinit$$00000004  c_w.l(libinit2.o)
    0x08001276   0x08001276   0x00000000   Code   RO         5447    .ARM.Collect$$libinit$$0000000A  c_w.l(libinit2.o)
    0x08001276   0x08001276   0x00000000   Code   RO         5449    .ARM.Collect$$libinit$$0000000C  c_w.l(libinit2.o)
    0x08001276   0x08001276   0x00000000   Code   RO         5451    .ARM.Collect$$libinit$$0000000E  c_w.l(libinit2.o)
    0x08001276   0x08001276   0x00000006   Code   RO         5452    .ARM.Collect$$libinit$$0000000F  c_w.l(libinit2.o)
    0x0800127c   0x0800127c   0x00000000   Code   RO         5454    .ARM.Collect$$libinit$$00000011  c_w.l(libinit2.o)
    0x0800127c   0x0800127c   0x0000000c   Code   RO         5455    .ARM.Collect$$libinit$$00000012  c_w.l(libinit2.o)
    0x08001288   0x08001288   0x00000000   Code   RO         5456    .ARM.Collect$$libinit$$00000013  c_w.l(libinit2.o)
    0x08001288   0x08001288   0x00000000   Code   RO         5458    .ARM.Collect$$libinit$$00000015  c_w.l(libinit2.o)
    0x08001288   0x08001288   0x0000000a   Code   RO         5459    .ARM.Collect$$libinit$$00000016  c_w.l(libinit2.o)
    0x08001292   0x08001292   0x00000000   Code   RO         5460    .ARM.Collect$$libinit$$00000017  c_w.l(libinit2.o)
    0x08001292   0x08001292   0x00000000   Code   RO         5462    .ARM.Collect$$libinit$$00000019  c_w.l(libinit2.o)
    0x08001292   0x08001292   0x00000000   Code   RO         5464    .ARM.Collect$$libinit$$0000001B  c_w.l(libinit2.o)
    0x08001292   0x08001292   0x00000000   Code   RO         5466    .ARM.Collect$$libinit$$0000001D  c_w.l(libinit2.o)
    0x08001292   0x08001292   0x00000000   Code   RO         5468    .ARM.Collect$$libinit$$0000001F  c_w.l(libinit2.o)
    0x08001292   0x08001292   0x00000000   Code   RO         5470    .ARM.Collect$$libinit$$00000021  c_w.l(libinit2.o)
    0x08001292   0x08001292   0x00000000   Code   RO         5472    .ARM.Collect$$libinit$$00000023  c_w.l(libinit2.o)
    0x08001292   0x08001292   0x00000000   Code   RO         5474    .ARM.Collect$$libinit$$00000025  c_w.l(libinit2.o)
    0x08001292   0x08001292   0x00000000   Code   RO         5478    .ARM.Collect$$libinit$$0000002C  c_w.l(libinit2.o)
    0x08001292   0x08001292   0x00000000   Code   RO         5480    .ARM.Collect$$libinit$$0000002E  c_w.l(libinit2.o)
    0x08001292   0x08001292   0x00000000   Code   RO         5482    .ARM.Collect$$libinit$$00000030  c_w.l(libinit2.o)
    0x08001292   0x08001292   0x00000000   Code   RO         5484    .ARM.Collect$$libinit$$00000032  c_w.l(libinit2.o)
    0x08001292   0x08001292   0x00000002   Code   RO         5485    .ARM.Collect$$libinit$$00000033  c_w.l(libinit2.o)
    0x08001294   0x08001294   0x00000002   Code   RO         5518    .ARM.Collect$$libshutdown$$00000000  c_w.l(libshutdown.o)
    0x08001296   0x08001296   0x00000000   Code   RO         5529    .ARM.Collect$$libshutdown$$00000002  c_w.l(libshutdown2.o)
    0x08001296   0x08001296   0x00000000   Code   RO         5531    .ARM.Collect$$libshutdown$$00000004  c_w.l(libshutdown2.o)
    0x08001296   0x08001296   0x00000000   Code   RO         5534    .ARM.Collect$$libshutdown$$00000007  c_w.l(libshutdown2.o)
    0x08001296   0x08001296   0x00000000   Code   RO         5537    .ARM.Collect$$libshutdown$$0000000A  c_w.l(libshutdown2.o)
    0x08001296   0x08001296   0x00000000   Code   RO         5539    .ARM.Collect$$libshutdown$$0000000C  c_w.l(libshutdown2.o)
    0x08001296   0x08001296   0x00000000   Code   RO         5542    .ARM.Collect$$libshutdown$$0000000F  c_w.l(libshutdown2.o)
    0x08001296   0x08001296   0x00000002   Code   RO         5543    .ARM.Collect$$libshutdown$$00000010  c_w.l(libshutdown2.o)
    0x08001298   0x08001298   0x00000000   Code   RO         5268    .ARM.Collect$$rtentry$$00000000  c_w.l(__rtentry.o)
    0x08001298   0x08001298   0x00000000   Code   RO         5356    .ARM.Collect$$rtentry$$00000002  c_w.l(__rtentry2.o)
    0x08001298   0x08001298   0x00000006   Code   RO         5368    .ARM.Collect$$rtentry$$00000004  c_w.l(__rtentry4.o)
    0x0800129e   0x0800129e   0x00000000   Code   RO         5358    .ARM.Collect$$rtentry$$00000009  c_w.l(__rtentry2.o)
    0x0800129e   0x0800129e   0x00000004   Code   RO         5359    .ARM.Collect$$rtentry$$0000000A  c_w.l(__rtentry2.o)
    0x080012a2   0x080012a2   0x00000000   Code   RO         5361    .ARM.Collect$$rtentry$$0000000C  c_w.l(__rtentry2.o)
    0x080012a2   0x080012a2   0x00000008   Code   RO         5362    .ARM.Collect$$rtentry$$0000000D  c_w.l(__rtentry2.o)
    0x080012aa   0x080012aa   0x00000002   Code   RO         5486    .ARM.Collect$$rtexit$$00000000  c_w.l(rtexit.o)
    0x080012ac   0x080012ac   0x00000000   Code   RO         5496    .ARM.Collect$$rtexit$$00000002  c_w.l(rtexit2.o)
    0x080012ac   0x080012ac   0x00000004   Code   RO         5497    .ARM.Collect$$rtexit$$00000003  c_w.l(rtexit2.o)
    0x080012b0   0x080012b0   0x00000006   Code   RO         5498    .ARM.Collect$$rtexit$$00000004  c_w.l(rtexit2.o)
    0x080012b6   0x080012b6   0x00000002   PAD
    0x080012b8   0x080012b8   0x00000096   Code   RO         4729    .emb_text           port.o
    0x0800134e   0x0800134e   0x00000002   PAD
    0x08001350   0x08001350   0x00000040   Code   RO          859    .text               startup_stm32f10x_hd.o
    0x08001390   0x08001390   0x00000024   Code   RO         5173    .text               c_w.l(vsprintf.o)
    0x080013b4   0x080013b4   0x0000002c   Code   RO         5175    .text               c_w.l(__2sprintf.o)
    0x080013e0   0x080013e0   0x0000004e   Code   RO         5181    .text               c_w.l(_printf_pad.o)
    0x0800142e   0x0800142e   0x00000002   PAD
    0x08001430   0x08001430   0x00000078   Code   RO         5183    .text               c_w.l(_printf_dec.o)
    0x080014a8   0x080014a8   0x00000188   Code   RO         5202    .text               c_w.l(__printf_flags_ss_wp.o)
    0x08001630   0x08001630   0x0000003e   Code   RO         5208    .text               c_w.l(strlen.o)
    0x0800166e   0x0800166e   0x0000008a   Code   RO         5210    .text               c_w.l(rt_memcpy_v6.o)
    0x080016f8   0x080016f8   0x00000010   Code   RO         5212    .text               c_w.l(aeabi_memset.o)
    0x08001708   0x08001708   0x00000044   Code   RO         5214    .text               c_w.l(rt_memclr.o)
    0x0800174c   0x0800174c   0x0000004e   Code   RO         5216    .text               c_w.l(rt_memclr_w.o)
    0x0800179a   0x0800179a   0x00000006   Code   RO         5218    .text               c_w.l(heapauxi.o)
    0x080017a0   0x080017a0   0x00000024   Code   RO         5269    .text               c_w.l(_printf_truncate.o)
    0x080017c4   0x080017c4   0x00000052   Code   RO         5271    .text               c_w.l(_printf_str.o)
    0x08001816   0x08001816   0x000000b2   Code   RO         5273    .text               c_w.l(_printf_intcommon.o)
    0x080018c8   0x080018c8   0x00000028   Code   RO         5275    .text               c_w.l(_printf_charcount.o)
    0x080018f0   0x080018f0   0x0000041e   Code   RO         5277    .text               c_w.l(_printf_fp_dec.o)
    0x08001d0e   0x08001d0e   0x00000002   PAD
    0x08001d10   0x08001d10   0x00000030   Code   RO         5279    .text               c_w.l(_printf_char_common.o)
    0x08001d40   0x08001d40   0x0000000a   Code   RO         5281    .text               c_w.l(_sputc.o)
    0x08001d4a   0x08001d4a   0x00000002   PAD
    0x08001d4c   0x08001d4c   0x000000bc   Code   RO         5283    .text               c_w.l(_printf_wctomb.o)
    0x08001e08   0x08001e08   0x0000007c   Code   RO         5286    .text               c_w.l(_printf_longlong_dec.o)
    0x08001e84   0x08001e84   0x00000070   Code   RO         5292    .text               c_w.l(_printf_oct_int_ll.o)
    0x08001ef4   0x08001ef4   0x00000094   Code   RO         5312    .text               c_w.l(_printf_hex_int_ll_ptr.o)
    0x08001f88   0x08001f88   0x00000064   Code   RO         5336    .text               c_w.l(rt_memcpy_w.o)
    0x08001fec   0x08001fec   0x00000008   Code   RO         5373    .text               c_w.l(rt_locale_intlibspace.o)
    0x08001ff4   0x08001ff4   0x0000008a   Code   RO         5375    .text               c_w.l(lludiv10.o)
    0x0800207e   0x0800207e   0x00000002   PAD
    0x08002080   0x08002080   0x000002fc   Code   RO         5377    .text               c_w.l(_printf_fp_hex.o)
    0x0800237c   0x0800237c   0x00000080   Code   RO         5380    .text               c_w.l(_printf_fp_infnan.o)
    0x080023fc   0x080023fc   0x0000002c   Code   RO         5384    .text               c_w.l(_printf_char.o)
    0x08002428   0x08002428   0x0000002c   Code   RO         5386    .text               c_w.l(_printf_wchar.o)
    0x08002454   0x08002454   0x000000e4   Code   RO         5388    .text               c_w.l(bigflt0.o)
    0x08002538   0x08002538   0x00000040   Code   RO         5413    .text               c_w.l(_wcrtomb.o)
    0x08002578   0x08002578   0x00000008   Code   RO         5424    .text               c_w.l(libspace.o)
    0x08002580   0x08002580   0x0000004a   Code   RO         5427    .text               c_w.l(sys_stackheap_outer.o)
    0x080025ca   0x080025ca   0x00000002   PAD
    0x080025cc   0x080025cc   0x00000010   Code   RO         5429    .text               c_w.l(rt_ctype_table.o)
    0x080025dc   0x080025dc   0x00000012   Code   RO         5431    .text               c_w.l(exit.o)
    0x080025ee   0x080025ee   0x00000002   PAD
    0x080025f0   0x080025f0   0x00000080   Code   RO         5433    .text               c_w.l(strcmpv7m.o)
    0x08002670   0x08002670   0x0000000c   Code   RO         5508    .text               c_w.l(sys_exit.o)
    0x0800267c   0x0800267c   0x00000002   Code   RO         5519    .text               c_w.l(use_no_semi.o)
    0x0800267e   0x0800267e   0x00000000   Code   RO         5521    .text               c_w.l(indicate_semi.o)
    0x0800267e   0x0800267e   0x0000003e   Code   RO         5391    CL$$btod_d2e        c_w.l(btod.o)
    0x080026bc   0x080026bc   0x00000046   Code   RO         5393    CL$$btod_d2e_denorm_low  c_w.l(btod.o)
    0x08002702   0x08002702   0x00000060   Code   RO         5392    CL$$btod_d2e_norm_op1  c_w.l(btod.o)
    0x08002762   0x08002762   0x00000338   Code   RO         5401    CL$$btod_div_common  c_w.l(btod.o)
    0x08002a9a   0x08002a9a   0x000000dc   Code   RO         5398    CL$$btod_e2e        c_w.l(btod.o)
    0x08002b76   0x08002b76   0x0000002a   Code   RO         5395    CL$$btod_ediv       c_w.l(btod.o)
    0x08002ba0   0x08002ba0   0x0000002a   Code   RO         5394    CL$$btod_emul       c_w.l(btod.o)
    0x08002bca   0x08002bca   0x00000244   Code   RO         5400    CL$$btod_mult_common  c_w.l(btod.o)
    0x08002e0e   0x08002e0e   0x00000004   Code   RO          216    i.BusFault_Handler  stm32f10x_it.o
    0x08002e12   0x08002e12   0x0000001c   Code   RO          668    i.CRC_Check         bd_rnss.o
    0x08002e2e   0x08002e2e   0x00000002   PAD
    0x08002e30   0x08002e30   0x00000080   Code   RO            1    i.Data_Switch       main.o
    0x08002eb0   0x08002eb0   0x00000002   Code   RO          217    i.DebugMon_Handler  stm32f10x_it.o
    0x08002eb2   0x08002eb2   0x00000002   PAD
    0x08002eb4   0x08002eb4   0x0000005c   Code   RO          635    i.Delay_Init        delay.o
    0x08002f10   0x08002f10   0x0000004c   Code   RO         1764    i.FLASH_ErasePage   stm32f10x_flash.o
    0x08002f5c   0x08002f5c   0x00000034   Code   RO         1765    i.FLASH_GetBank1Status  stm32f10x_flash.o
    0x08002f90   0x08002f90   0x00000014   Code   RO         1774    i.FLASH_Lock        stm32f10x_flash.o
    0x08002fa4   0x08002fa4   0x0000006c   Code   RO         1779    i.FLASH_ProgramWord  stm32f10x_flash.o
    0x08003010   0x08003010   0x00000018   Code   RO         1782    i.FLASH_Unlock      stm32f10x_flash.o
    0x08003028   0x08003028   0x00000026   Code   RO         1786    i.FLASH_WaitForLastOperation  stm32f10x_flash.o
    0x0800304e   0x0800304e   0x00000002   PAD
    0x08003050   0x08003050   0x00000038   Code   RO          359    i.FreeRTOS_Init     freertos.o
    0x08003088   0x08003088   0x00000330   Code   RO          360    i.GNPX_Handle       freertos.o
    0x080033b8   0x080033b8   0x00000116   Code   RO         2059    i.GPIO_Init         stm32f10x_gpio.o
    0x080034ce   0x080034ce   0x00000002   PAD
    0x080034d0   0x080034d0   0x00000090   Code   RO         2061    i.GPIO_PinRemapConfig  stm32f10x_gpio.o
    0x08003560   0x08003560   0x00000012   Code   RO         2063    i.GPIO_ReadInputDataBit  stm32f10x_gpio.o
    0x08003572   0x08003572   0x00000004   Code   RO         2066    i.GPIO_ResetBits    stm32f10x_gpio.o
    0x08003576   0x08003576   0x00000004   Code   RO         2067    i.GPIO_SetBits      stm32f10x_gpio.o
    0x0800357a   0x0800357a   0x0000001a   Code   RO          669    i.Get_CRC           bd_rnss.o
    0x08003594   0x08003594   0x00000004   Code   RO          218    i.HardFault_Handler  stm32f10x_it.o
    0x08003598   0x08003598   0x0000006a   Code   RO          490    i.I2C_ReadByte      iic.o
    0x08003602   0x08003602   0x0000005c   Code   RO          492    i.I2C_WriteByte     iic.o
    0x0800365e   0x0800365e   0x00000002   PAD
    0x08003660   0x08003660   0x00000044   Code   RO          494    i.IIC_Ack           iic.o
    0x080036a4   0x080036a4   0x00000048   Code   RO          495    i.IIC_Init          iic.o
    0x080036ec   0x080036ec   0x00000044   Code   RO          496    i.IIC_NAck          iic.o
    0x08003730   0x08003730   0x00000060   Code   RO          497    i.IIC_RecvByte      iic.o
    0x08003790   0x08003790   0x00000068   Code   RO          498    i.IIC_SendByte      iic.o
    0x080037f8   0x080037f8   0x0000000c   Code   RO          499    i.IIC_SpeedCtl      iic.o
    0x08003804   0x08003804   0x00000044   Code   RO          500    i.IIC_Start         iic.o
    0x08003848   0x08003848   0x00000044   Code   RO          501    i.IIC_Stop          iic.o
    0x0800388c   0x0800388c   0x00000084   Code   RO          502    i.IIC_WaitAck       iic.o
    0x08003910   0x08003910   0x00000010   Code   RO         2371    i.IWDG_Enable       stm32f10x_iwdg.o
    0x08003920   0x08003920   0x00000024   Code   RO            2    i.IWDG_Init         main.o
    0x08003944   0x08003944   0x00000010   Code   RO         2373    i.IWDG_ReloadCounter  stm32f10x_iwdg.o
    0x08003954   0x08003954   0x0000000c   Code   RO         2374    i.IWDG_SetPrescaler  stm32f10x_iwdg.o
    0x08003960   0x08003960   0x0000000c   Code   RO         2375    i.IWDG_SetReload    stm32f10x_iwdg.o
    0x0800396c   0x0800396c   0x0000000c   Code   RO         2376    i.IWDG_WriteAccessCmd  stm32f10x_iwdg.o
    0x08003978   0x08003978   0x000000e0   Code   RO          754    i.JY_Turn_Char      jy901.o
    0x08003a58   0x08003a58   0x00000034   Code   RO          454    i.LED_433_Init      gpio.o
    0x08003a8c   0x08003a8c   0x00000030   Code   RO          455    i.LED_BLE_Init      gpio.o
    0x08003abc   0x08003abc   0x00000034   Code   RO          456    i.LED_ERROR_Init    gpio.o
    0x08003af0   0x08003af0   0x00000014   Code   RO          457    i.LED_SET_Init      gpio.o
    0x08003b04   0x08003b04   0x00000068   Code   RO            3    i.Log               main.o
    0x08003b6c   0x08003b6c   0x000002cc   Code   RO          772    i.MSD0_GetCardInfo  tf.o
    0x08003e38   0x08003e38   0x0000024c   Code   RO          773    i.MSD0_Init         tf.o
    0x08004084   0x08004084   0x0000008c   Code   RO          774    i.MSD0_ReadMultiBlock  tf.o
    0x08004110   0x08004110   0x00000044   Code   RO          775    i.MSD0_ReadSingleBlock  tf.o
    0x08004154   0x08004154   0x00000058   Code   RO          776    i.MSD0_SPIHighSpeed  tf.o
    0x080041ac   0x080041ac   0x0000008c   Code   RO          777    i.MSD0_SPI_Configuration  tf.o
    0x08004238   0x08004238   0x00000140   Code   RO          778    i.MSD0_WriteMultiBlock  tf.o
    0x08004378   0x08004378   0x000000e4   Code   RO          779    i.MSD0_WriteSingleBlock  tf.o
    0x0800445c   0x0800445c   0x00000098   Code   RO          780    i.MSD0_read_buffer  tf.o
    0x080044f4   0x080044f4   0x00000088   Code   RO          781    i.MSD0_send_command  tf.o
    0x0800457c   0x0800457c   0x00000074   Code   RO          782    i.MSD0_send_command_hold  tf.o
    0x080045f0   0x080045f0   0x0000002c   Code   RO          844    i.MSD0_spi_read_write  tf.o
    0x0800461c   0x0800461c   0x00000004   Code   RO          219    i.MemManage_Handler  stm32f10x_it.o
    0x08004620   0x08004620   0x00000002   Code   RO          220    i.NMI_Handler       stm32f10x_it.o
    0x08004622   0x08004622   0x00000002   PAD
    0x08004624   0x08004624   0x00000070   Code   RO          908    i.NVIC_Init         misc.o
    0x08004694   0x08004694   0x00000014   Code   RO          910    i.NVIC_SetVectorTable  misc.o
    0x080046a8   0x080046a8   0x00000020   Code   RO         2475    i.RCC_APB1PeriphClockCmd  stm32f10x_rcc.o
    0x080046c8   0x080046c8   0x00000020   Code   RO         2477    i.RCC_APB2PeriphClockCmd  stm32f10x_rcc.o
    0x080046e8   0x080046e8   0x000000d4   Code   RO         2485    i.RCC_GetClocksFreq  stm32f10x_rcc.o
    0x080047bc   0x080047bc   0x00000018   Code   RO          670    i.RNSS_CMD          bd_rnss.o
    0x080047d4   0x080047d4   0x000001c2   Code   RO          671    i.RNSS_Cmp          bd_rnss.o
    0x08004996   0x08004996   0x0000002a   Code   RO          672    i.RNSS_FKXX_GET     bd_rnss.o
    0x080049c0   0x080049c0   0x00000128   Code   RO          673    i.RNSS_GNPS_GET     bd_rnss.o
    0x08004ae8   0x08004ae8   0x00000048   Code   RO          676    i.RNSS_ICJC_GET     bd_rnss.o
    0x08004b30   0x08004b30   0x0000002c   Code   RO          677    i.RNSS_SJSC_GET     bd_rnss.o
    0x08004b5c   0x08004b5c   0x000000b8   Code   RO          678    i.RNSS_XTZJ_GET     bd_rnss.o
    0x08004c14   0x08004c14   0x00000034   Code   RO          458    i.SET_433_Init      gpio.o
    0x08004c48   0x08004c48   0x00000016   Code   RO          580    i.SHT20_read_user_reg  sht20.o
    0x08004c5e   0x08004c5e   0x0000000e   Code   RO          581    i.SHT20_reset       sht20.o
    0x08004c6c   0x08004c6c   0x00000048   Code   RO          582    i.SHT2x_CalcRH      sht20.o
    0x08004cb4   0x08004cb4   0x0000004c   Code   RO          583    i.SHT2x_CalcTemperatureC  sht20.o
    0x08004d00   0x08004d00   0x0000004a   Code   RO          584    i.SHT2x_CheckCrc    sht20.o
    0x08004d4a   0x08004d4a   0x000000d0   Code   RO          585    i.SHT2x_MeasureHM   sht20.o
    0x08004e1a   0x08004e1a   0x00000018   Code   RO         2954    i.SPI_Cmd           stm32f10x_spi.o
    0x08004e32   0x08004e32   0x0000003c   Code   RO         2967    i.SPI_Init          stm32f10x_spi.o
    0x08004e6e   0x08004e6e   0x00000008   Code   RO          874    i.SetSysClock       system_stm32f10x.o
    0x08004e76   0x08004e76   0x00000002   PAD
    0x08004e78   0x08004e78   0x000000e0   Code   RO          875    i.SetSysClockTo72   system_stm32f10x.o
    0x08004f58   0x08004f58   0x00000098   Code   RO          586    i.Sht20_GetValue    sht20.o
    0x08004ff0   0x08004ff0   0x00000028   Code   RO          912    i.SysTick_CLKSourceConfig  misc.o
    0x08005018   0x08005018   0x00000060   Code   RO          877    i.SystemInit        system_stm32f10x.o
    0x08005078   0x08005078   0x00000088   Code   RO          361    i.TXSQ_Handle       freertos.o
    0x08005100   0x08005100   0x000000a8   Code   RO          221    i.UART4_IRQHandler  stm32f10x_it.o
    0x080051a8   0x080051a8   0x000000d8   Code   RO          222    i.USART1_IRQHandler  stm32f10x_it.o
    0x08005280   0x08005280   0x0000005c   Code   RO          223    i.USART2_IRQHandler  stm32f10x_it.o
    0x080052dc   0x080052dc   0x000001e0   Code   RO          224    i.USART3_IRQHandler  stm32f10x_it.o
    0x080054bc   0x080054bc   0x00000012   Code   RO         3641    i.USART_ClearFlag   stm32f10x_usart.o
    0x080054ce   0x080054ce   0x0000001e   Code   RO         3642    i.USART_ClearITPendingBit  stm32f10x_usart.o
    0x080054ec   0x080054ec   0x00000018   Code   RO         3645    i.USART_Cmd         stm32f10x_usart.o
    0x08005504   0x08005504   0x0000001a   Code   RO         3648    i.USART_GetFlagStatus  stm32f10x_usart.o
    0x0800551e   0x0800551e   0x00000054   Code   RO         3649    i.USART_GetITStatus  stm32f10x_usart.o
    0x08005572   0x08005572   0x0000004a   Code   RO         3651    i.USART_ITConfig    stm32f10x_usart.o
    0x080055bc   0x080055bc   0x000000d8   Code   RO         3652    i.USART_Init        stm32f10x_usart.o
    0x08005694   0x08005694   0x0000000a   Code   RO         3659    i.USART_ReceiveData  stm32f10x_usart.o
    0x0800569e   0x0800569e   0x00000008   Code   RO         3662    i.USART_SendData    stm32f10x_usart.o
    0x080056a6   0x080056a6   0x00000004   Code   RO          225    i.UsageFault_Handler  stm32f10x_it.o
    0x080056aa   0x080056aa   0x00000044   Code   RO          297    i.UsartPrintf       usart.o
    0x080056ee   0x080056ee   0x00000032   Code   RO          298    i.Usart_SendStr     usart.o
    0x08005720   0x08005720   0x00000024   Code   RO            5    i.Write_Version     main.o
    0x08005744   0x08005744   0x00000028   Code   RO         5422    i.__ARM_fpclassify  m_ws.l(fpclassify.o)
    0x0800576c   0x0800576c   0x0000000e   Code   RO         5195    i._is_digit         c_w.l(__printf_wp.o)
    0x0800577a   0x0800577a   0x00000002   PAD
    0x0800577c   0x0800577c   0x00000090   Code   RO         4883    i.check_fs          ff.o
    0x0800580c   0x0800580c   0x00000014   Code   RO         4884    i.chk_chr           ff.o
    0x08005820   0x08005820   0x00000394   Code   RO         4885    i.chk_mounted       ff.o
    0x08005bb4   0x08005bb4   0x0000001a   Code   RO         4886    i.clust2sect        ff.o
    0x08005bce   0x08005bce   0x00000002   PAD
    0x08005bd0   0x08005bd0   0x00000090   Code   RO         4887    i.cmp_lfn           ff.o
    0x08005c60   0x08005c60   0x000000ca   Code   RO         4888    i.create_chain      ff.o
    0x08005d2a   0x08005d2a   0x00000002   PAD
    0x08005d2c   0x08005d2c   0x00000230   Code   RO         4889    i.create_name       ff.o
    0x08005f5c   0x08005f5c   0x00000040   Code   RO          637    i.delay_ms          delay.o
    0x08005f9c   0x08005f9c   0x00000048   Code   RO          638    i.delay_us          delay.o
    0x08005fe4   0x08005fe4   0x000000de   Code   RO         4890    i.dir_find          ff.o
    0x080060c2   0x080060c2   0x00000118   Code   RO         4891    i.dir_next          ff.o
    0x080061da   0x080061da   0x0000018c   Code   RO         4893    i.dir_register      ff.o
    0x08006366   0x08006366   0x0000009c   Code   RO         4895    i.dir_sdi           ff.o
    0x08006402   0x08006402   0x00000034   Code   RO         4838    i.disk_initialize   diskio.o
    0x08006436   0x08006436   0x00000002   PAD
    0x08006438   0x08006438   0x000000a8   Code   RO         4839    i.disk_ioctl        diskio.o
    0x080064e0   0x080064e0   0x0000005a   Code   RO         4840    i.disk_read         diskio.o
    0x0800653a   0x0800653a   0x0000001e   Code   RO         4841    i.disk_status       diskio.o
    0x08006558   0x08006558   0x0000005a   Code   RO         4842    i.disk_write        diskio.o
    0x080065b2   0x080065b2   0x00000002   PAD
    0x080065b4   0x080065b4   0x0000007c   Code   RO         4355    i.eTaskGetState     tasks.o
    0x08006630   0x08006630   0x00000016   Code   RO         4897    i.f_close           ff.o
    0x08006646   0x08006646   0x000001b0   Code   RO         4899    i.f_lseek           ff.o
    0x080067f6   0x080067f6   0x00000002   PAD
    0x080067f8   0x080067f8   0x0000002c   Code   RO         4901    i.f_mount           ff.o
    0x08006824   0x08006824   0x00000174   Code   RO         4902    i.f_open            ff.o
    0x08006998   0x08006998   0x000000b8   Code   RO         4908    i.f_sync            ff.o
    0x08006a50   0x08006a50   0x0000020e   Code   RO         4912    i.f_write           ff.o
    0x08006c5e   0x08006c5e   0x00000002   PAD
    0x08006c60   0x08006c60   0x0000004c   Code   RO         5142    i.ff_convert        ccsbcs.o
    0x08006cac   0x08006cac   0x00000038   Code   RO         5143    i.ff_wtoupper       ccsbcs.o
    0x08006ce4   0x08006ce4   0x00000080   Code   RO         4913    i.fit_lfn           ff.o
    0x08006d64   0x08006d64   0x0000009e   Code   RO         4914    i.follow_path       ff.o
    0x08006e02   0x08006e02   0x000000a8   Code   RO         4915    i.gen_numname       ff.o
    0x08006eaa   0x08006eaa   0x000000e4   Code   RO         4916    i.get_fat           ff.o
    0x08006f8e   0x08006f8e   0x00000002   PAD
    0x08006f90   0x08006f90   0x00000038   Code   RO         4843    i.get_fattime       diskio.o
    0x08006fc8   0x08006fc8   0x00000070   Code   RO            6    i.main              main.o
    0x08007038   0x08007038   0x00000026   Code   RO         4918    i.mem_cmp           ff.o
    0x0800705e   0x0800705e   0x0000001a   Code   RO         4919    i.mem_cpy           ff.o
    0x08007078   0x08007078   0x00000014   Code   RO         4920    i.mem_set           ff.o
    0x0800708c   0x0800708c   0x00000072   Code   RO         4921    i.move_window       ff.o
    0x080070fe   0x080070fe   0x00000008   Code   RO          362    i.osKernelStart     freertos.o
    0x08007106   0x08007106   0x00000002   PAD
    0x08007108   0x08007108   0x00000098   Code   RO         4357    i.prvAddCurrentTaskToDelayedList  tasks.o
    0x080071a0   0x080071a0   0x000000b8   Code   RO         4358    i.prvAddNewTaskToReadyList  tasks.o
    0x08007258   0x08007258   0x00000048   Code   RO         4359    i.prvCheckTasksWaitingTermination  tasks.o
    0x080072a0   0x080072a0   0x00000012   Code   RO         4360    i.prvDeleteTCB      tasks.o
    0x080072b2   0x080072b2   0x00000002   PAD
    0x080072b4   0x080072b4   0x00000038   Code   RO         4800    i.prvHeapInit       heap_2.o
    0x080072ec   0x080072ec   0x00000028   Code   RO         4361    i.prvIdleTask       tasks.o
    0x08007314   0x08007314   0x0000009a   Code   RO         4362    i.prvInitialiseNewTask  tasks.o
    0x080073ae   0x080073ae   0x00000002   PAD
    0x080073b0   0x080073b0   0x00000068   Code   RO         4363    i.prvInitialiseTaskLists  tasks.o
    0x08007418   0x08007418   0x00000034   Code   RO         4365    i.prvResetNextTaskUnblockTime  tasks.o
    0x0800744c   0x0800744c   0x00000016   Code   RO         4730    i.prvTaskExitError  port.o
    0x08007462   0x08007462   0x00000136   Code   RO         4923    i.put_fat           ff.o
    0x08007598   0x08007598   0x000000b8   Code   RO         4801    i.pvPortMalloc      heap_2.o
    0x08007650   0x08007650   0x00000024   Code   RO         4731    i.pxPortInitialiseStack  port.o
    0x08007674   0x08007674   0x00000068   Code   RO         4924    i.remove_chain      ff.o
    0x080076dc   0x080076dc   0x00000020   Code   RO         4925    i.sum_sfn           ff.o
    0x080076fc   0x080076fc   0x000000ca   Code   RO         4926    i.sync              ff.o
    0x080077c6   0x080077c6   0x00000002   PAD
    0x080077c8   0x080077c8   0x00000074   Code   RO         4369    i.ulTaskNotifyTake  tasks.o
    0x0800783c   0x0800783c   0x000000bc   Code   RO          299    i.usart1_config     usart.o
    0x080078f8   0x080078f8   0x000000b0   Code   RO          300    i.usart2_config     usart.o
    0x080079a8   0x080079a8   0x000000cc   Code   RO          301    i.usart3_config     usart.o
    0x08007a74   0x08007a74   0x000000c8   Code   RO          302    i.usart4_config     usart.o
    0x08007b3c   0x08007b3c   0x00000028   Code   RO         3988    i.uxListRemove      list.o
    0x08007b64   0x08007b64   0x000001ec   Code   RO          363    i.vDataSaveTask     freertos.o
    0x08007d50   0x08007d50   0x0000001a   Code   RO         3989    i.vListInitialise   list.o
    0x08007d6a   0x08007d6a   0x00000006   Code   RO         3990    i.vListInitialiseItem  list.o
    0x08007d70   0x08007d70   0x00000034   Code   RO         3991    i.vListInsert       list.o
    0x08007da4   0x08007da4   0x00000018   Code   RO         3992    i.vListInsertEnd    list.o
    0x08007dbc   0x08007dbc   0x00000024   Code   RO         4733    i.vPortEnterCritical  port.o
    0x08007de0   0x08007de0   0x00000020   Code   RO         4734    i.vPortExitCritical  port.o
    0x08007e00   0x08007e00   0x00000040   Code   RO         4802    i.vPortFree         heap_2.o
    0x08007e40   0x08007e40   0x00000018   Code   RO         4735    i.vPortSetupTimerInterrupt  port.o
    0x08007e58   0x08007e58   0x00000164   Code   RO          364    i.vRnssReceiveTask  freertos.o
    0x08007fbc   0x08007fbc   0x000000f8   Code   RO          365    i.vRnssSendTask     freertos.o
    0x080080b4   0x080080b4   0x000001b8   Code   RO          366    i.vStart_Task       freertos.o
    0x0800826c   0x0800826c   0x0000006c   Code   RO          367    i.vTXSQTask         freertos.o
    0x080082d8   0x080082d8   0x00000034   Code   RO         4377    i.vTaskDelay        tasks.o
    0x0800830c   0x0800830c   0x000000cc   Code   RO         4379    i.vTaskDelete       tasks.o
    0x080083d8   0x080083d8   0x000000b0   Code   RO         4384    i.vTaskNotifyGiveFromISR  tasks.o
    0x08008488   0x08008488   0x00000064   Code   RO         4393    i.vTaskStartScheduler  tasks.o
    0x080084ec   0x080084ec   0x00000010   Code   RO         4395    i.vTaskSuspendAll   tasks.o
    0x080084fc   0x080084fc   0x00000060   Code   RO         4396    i.vTaskSwitchContext  tasks.o
    0x0800855c   0x0800855c   0x0000002a   Code   RO         4927    i.validate          ff.o
    0x08008586   0x08008586   0x00000002   PAD
    0x08008588   0x08008588   0x00000034   Code   RO         4736    i.xPortStartScheduler  port.o
    0x080085bc   0x080085bc   0x00000034   Code   RO         4737    i.xPortSysTickHandler  port.o
    0x080085f0   0x080085f0   0x00000060   Code   RO         4399    i.xTaskCreate       tasks.o
    0x08008650   0x08008650   0x000000c4   Code   RO         4400    i.xTaskGenericNotify  tasks.o
    0x08008714   0x08008714   0x00000020   Code   RO         4403    i.xTaskGetSchedulerState  tasks.o
    0x08008734   0x08008734   0x0000011c   Code   RO         4406    i.xTaskIncrementTick  tasks.o
    0x08008850   0x08008850   0x000000e8   Code   RO         4412    i.xTaskResumeAll    tasks.o
    0x08008938   0x08008938   0x0000002c   Code   RO         5416    locale$$code        c_w.l(lc_numeric_c.o)
    0x08008964   0x08008964   0x0000002c   Code   RO         5489    locale$$code        c_w.l(lc_ctype_c.o)
    0x08008990   0x08008990   0x00000062   Code   RO         5222    x$fpl$d2f           fz_ws.l(d2f.o)
    0x080089f2   0x080089f2   0x00000002   PAD
    0x080089f4   0x080089f4   0x00000150   Code   RO         5224    x$fpl$dadd          fz_ws.l(daddsub_clz.o)
    0x08008b44   0x08008b44   0x000002b0   Code   RO         5231    x$fpl$ddiv          fz_ws.l(ddiv.o)
    0x08008df4   0x08008df4   0x0000002e   Code   RO         5235    x$fpl$dflt          fz_ws.l(dflt_clz.o)
    0x08008e22   0x08008e22   0x00000026   Code   RO         5234    x$fpl$dfltu         fz_ws.l(dflt_clz.o)
    0x08008e48   0x08008e48   0x00000154   Code   RO         5240    x$fpl$dmul          fz_ws.l(dmul.o)
    0x08008f9c   0x08008f9c   0x0000009c   Code   RO         5338    x$fpl$dnaninf       fz_ws.l(dnaninf.o)
    0x08009038   0x08009038   0x0000000c   Code   RO         5340    x$fpl$dretinf       fz_ws.l(dretinf.o)
    0x08009044   0x08009044   0x000001d4   Code   RO         5226    x$fpl$dsub          fz_ws.l(daddsub_clz.o)
    0x08009218   0x08009218   0x00000056   Code   RO         5242    x$fpl$f2d           fz_ws.l(f2d.o)
    0x0800926e   0x0800926e   0x00000002   PAD
    0x08009270   0x08009270   0x000000c4   Code   RO         5244    x$fpl$fadd          fz_ws.l(faddsub_clz.o)
    0x08009334   0x08009334   0x00000018   Code   RO         5418    x$fpl$fcmpinf       fz_ws.l(fcmpi.o)
    0x0800934c   0x0800934c   0x00000184   Code   RO         5251    x$fpl$fdiv          fz_ws.l(fdiv.o)
    0x080094d0   0x080094d0   0x0000003e   Code   RO         5254    x$fpl$ffixu         fz_ws.l(ffixu.o)
    0x0800950e   0x0800950e   0x00000002   PAD
    0x08009510   0x08009510   0x00000030   Code   RO         5259    x$fpl$fflt          fz_ws.l(fflt_clz.o)
    0x08009540   0x08009540   0x00000026   Code   RO         5258    x$fpl$ffltu         fz_ws.l(fflt_clz.o)
    0x08009566   0x08009566   0x00000002   PAD
    0x08009568   0x08009568   0x00000068   Code   RO         5342    x$fpl$fleqf         fz_ws.l(fleqf.o)
    0x080095d0   0x080095d0   0x0000008c   Code   RO         5344    x$fpl$fnaninf       fz_ws.l(fnaninf.o)
    0x0800965c   0x0800965c   0x0000000a   Code   RO         5346    x$fpl$fretinf       fz_ws.l(fretinf.o)
    0x08009666   0x08009666   0x00000062   Code   RO         5264    x$fpl$frleqf        fz_ws.l(frleqf.o)
    0x080096c8   0x080096c8   0x000000ea   Code   RO         5246    x$fpl$fsub          fz_ws.l(faddsub_clz.o)
    0x080097b2   0x080097b2   0x00000004   Code   RO         5266    x$fpl$printf1       fz_ws.l(printf1.o)
    0x080097b6   0x080097b6   0x00000004   Code   RO         5348    x$fpl$printf2       fz_ws.l(printf2.o)
    0x080097ba   0x080097ba   0x00000000   Code   RO         5354    x$fpl$usenofp       fz_ws.l(usenofp.o)
    0x080097ba   0x080097ba   0x0000008d   Data   RO         4929    .constdata          ff.o
    0x08009847   0x08009847   0x00000001   PAD
    0x08009848   0x08009848   0x000004c0   Data   RO         5144    .constdata          ccsbcs.o
    0x08009d08   0x08009d08   0x00000011   Data   RO         5203    .constdata          c_w.l(__printf_flags_ss_wp.o)
    0x08009d19   0x08009d19   0x00000003   PAD
    0x08009d1c   0x08009d1c   0x00000008   Data   RO         5284    .constdata          c_w.l(_printf_wctomb.o)
    0x08009d24   0x08009d24   0x00000028   Data   RO         5313    .constdata          c_w.l(_printf_hex_int_ll_ptr.o)
    0x08009d4c   0x08009d4c   0x00000026   Data   RO         5378    .constdata          c_w.l(_printf_fp_hex.o)
    0x08009d72   0x08009d72   0x00000002   PAD
    0x08009d74   0x08009d74   0x00000094   Data   RO         5389    .constdata          c_w.l(bigflt0.o)
    0x08009e08   0x08009e08   0x00000020   Data   RO         5568    Region$$Table       anon$$obj.o
    0x08009e28   0x08009e28   0x0000001c   Data   RO         5415    locale$$data        c_w.l(lc_numeric_c.o)
    0x08009e44   0x08009e44   0x00000110   Data   RO         5488    locale$$data        c_w.l(lc_ctype_c.o)


    Execution Region RW_IRAM1 (Exec base: 0x20000000, Load base: 0x08009f54, Size: 0x00005ee8, Max: 0x00010000, ABSOLUTE, COMPRESSED[0x00000054])

    Exec Addr    Load Addr    Size         Type   Attr      Idx    E Section Name        Object

    0x20000000   COMPRESSED   0x00000011   Data   RW            9    .data               main.o
    0x20000011   COMPRESSED   0x00000005   Data   RW          304    .data               usart.o
    0x20000016   COMPRESSED   0x00000002   PAD
    0x20000018   COMPRESSED   0x0000001c   Data   RW          369    .data               freertos.o
    0x20000034   COMPRESSED   0x00000002   Data   RW          503    .data               iic.o
    0x20000036   COMPRESSED   0x00000002   PAD
    0x20000038   COMPRESSED   0x00000008   Data   RW          588    .data               sht20.o
    0x20000040   COMPRESSED   0x00000008   Data   RW          639    .data               delay.o
    0x20000048   COMPRESSED   0x00000050   Data   RW          681    .data               bd_rnss.o
    0x20000098   COMPRESSED   0x0000004c   Data   RW          755    .data               jy901.o
    0x200000e4   COMPRESSED   0x00000014   Data   RW          878    .data               system_stm32f10x.o
    0x200000f8   COMPRESSED   0x00000014   Data   RW         2505    .data               stm32f10x_rcc.o
    0x2000010c   COMPRESSED   0x0000003c   Data   RW         4415    .data               tasks.o
    0x20000148   COMPRESSED   0x00000004   Data   RW         4738    .data               port.o
    0x2000014c   COMPRESSED   0x00000018   Data   RW         4806    .data               heap_2.o
    0x20000164   COMPRESSED   0x00000006   Data   RW         4930    .data               ff.o
    0x2000016a   COMPRESSED   0x00000006   PAD
    0x20000170        -       0x00000b40   Zero   RW            7    .bss                main.o
    0x20000cb0        -       0x0000032b   Zero   RW          303    .bss                usart.o
    0x20000fdb        -       0x0000013e   Zero   RW          368    .bss                freertos.o
    0x20001119   COMPRESSED   0x00000007   PAD
    0x20001120        -       0x00000048   Zero   RW          680    .bss                bd_rnss.o
    0x20001168        -       0x00000058   Zero   RW          783    .bss                tf.o
    0x200011c0        -       0x000000c8   Zero   RW         4414    .bss                tasks.o
    0x20001288        -       0x00004400   Zero   RW         4805    .bss                heap_2.o
    0x20005688        -       0x00000200   Zero   RW         4928    .bss                ff.o
    0x20005888        -       0x00000060   Zero   RW         5425    .bss                c_w.l(libspace.o)
    0x200058e8        -       0x00000200   Zero   RW          857    HEAP                startup_stm32f10x_hd.o
    0x20005ae8        -       0x00000400   Zero   RW          856    STACK               startup_stm32f10x_hd.o


==============================================================================

Image component sizes


      Code (inc. data)   RO Data    RW Data    ZI Data      Debug   Object Name

      1166         44          0         80         72       7316   bd_rnss.o
       132         16       1216          0          0       2299   ccsbcs.o
       228         26          0          8          0       1815   delay.o
       486         42          0          0          0       5048   diskio.o
         0          0          0          0          0       1476   event_groups.o
      6216         72        141          6        512      29333   ff.o
      2660        640          0         28        318       8418   freertos.o
       224         22          0          0          0       2321   gpio.o
       304         40          0         24      17408       3351   heap_2.o
       886         94          0          2          0       6704   iic.o
       224         48          0         76          0       1887   jy901.o
       148          0          0          0          0       3002   list.o
       416         70          0         17       2880     263547   main.o
       172         20          0          0          0       2052   misc.o
       404         48          0          4          0       8600   port.o
       618         42          0          8          0       5620   sht20.o
        64         26        304          0       1536        872   startup_stm32f10x_hd.o
       318         32          0          0          0       4818   stm32f10x_flash.o
       448          6          0          0          0       4450   stm32f10x_gpio.o
       976         70          0          0          0       5020   stm32f10x_it.o
        68         30          0          0          0       2430   stm32f10x_iwdg.o
       276         32          0         20          0       4402   stm32f10x_rcc.o
        84          0          0          0          0       2109   stm32f10x_spi.o
       490          6          0          0          0       7285   stm32f10x_usart.o
       328         28          0         20          0       2233   system_stm32f10x.o
      2500        380          0         60        200      25661   tasks.o
      2736         76          0          0         88      11565   tf.o
       886         42          0          5        811       5463   usart.o

    ----------------------------------------------------------------------
     23498       1952       1694        364      23836     429097   Object Totals
         0          0         32          0          0          0   (incl. Generated)
        40          0          1          6         11          0   (incl. Padding)

    ----------------------------------------------------------------------

      Code (inc. data)   RO Data    RW Data    ZI Data      Debug   Library Member Name

        44          6          0          0          0         84   __2sprintf.o
        90          0          0          0          0          0   __dczerorl2.o
         8          0          0          0          0         68   __main.o
       392          4         17          0          0         92   __printf_flags_ss_wp.o
        14          0          0          0          0         68   __printf_wp.o
         0          0          0          0          0          0   __rtentry.o
        12          0          0          0          0          0   __rtentry2.o
         6          0          0          0          0          0   __rtentry4.o
        52          8          0          0          0          0   __scatter.o
        28          0          0          0          0          0   __scatter_zi.o
         6          0          0          0          0          0   _printf_a.o
         6          0          0          0          0          0   _printf_c.o
        44          0          0          0          0        108   _printf_char.o
        48          6          0          0          0         96   _printf_char_common.o
        40          0          0          0          0         68   _printf_charcount.o
         6          0          0          0          0          0   _printf_d.o
       120         16          0          0          0         92   _printf_dec.o
         6          0          0          0          0          0   _printf_e.o
         6          0          0          0          0          0   _printf_f.o
      1054          0          0          0          0        216   _printf_fp_dec.o
       764          8         38          0          0        100   _printf_fp_hex.o
       128         16          0          0          0         84   _printf_fp_infnan.o
         6          0          0          0          0          0   _printf_g.o
       148          4         40          0          0        160   _printf_hex_int_ll_ptr.o
         6          0          0          0          0          0   _printf_i.o
       178          0          0          0          0         88   _printf_intcommon.o
        10          0          0          0          0          0   _printf_l.o
         6          0          0          0          0          0   _printf_lc.o
        10          0          0          0          0          0   _printf_ll.o
         6          0          0          0          0          0   _printf_lld.o
         6          0          0          0          0          0   _printf_lli.o
         6          0          0          0          0          0   _printf_llo.o
         6          0          0          0          0          0   _printf_llu.o
         6          0          0          0          0          0   _printf_llx.o
       124         16          0          0          0         92   _printf_longlong_dec.o
         6          0          0          0          0          0   _printf_ls.o
         6          0          0          0          0          0   _printf_n.o
         6          0          0          0          0          0   _printf_o.o
       112         10          0          0          0        124   _printf_oct_int_ll.o
         6          0          0          0          0          0   _printf_p.o
        78          0          0          0          0        108   _printf_pad.o
         0          0          0          0          0          0   _printf_percent.o
         4          0          0          0          0          0   _printf_percent_end.o
         6          0          0          0          0          0   _printf_s.o
        82          0          0          0          0         80   _printf_str.o
        36          0          0          0          0         84   _printf_truncate.o
         6          0          0          0          0          0   _printf_u.o
        44          0          0          0          0        108   _printf_wchar.o
       188          6          8          0          0         92   _printf_wctomb.o
         6          0          0          0          0          0   _printf_x.o
        10          0          0          0          0         68   _sputc.o
        64          0          0          0          0         92   _wcrtomb.o
        16          0          0          0          0         68   aeabi_memset.o
       228          4        148          0          0         96   bigflt0.o
      1936        128          0          0          0        672   btod.o
        18          0          0          0          0         80   exit.o
         6          0          0          0          0        152   heapauxi.o
         0          0          0          0          0          0   indicate_semi.o
        44         10        272          0          0         76   lc_ctype_c.o
        44         10         28          0          0         76   lc_numeric_c.o
         2          0          0          0          0          0   libinit.o
        30          0          0          0          0          0   libinit2.o
         2          0          0          0          0          0   libshutdown.o
         2          0          0          0          0          0   libshutdown2.o
         8          4          0          0         96         68   libspace.o
       138          0          0          0          0         80   lludiv10.o
        16          4          0          0          0         76   rt_ctype_table.o
         8          4          0          0          0         68   rt_locale_intlibspace.o
        68          0          0          0          0         68   rt_memclr.o
        78          0          0          0          0         80   rt_memclr_w.o
       138          0          0          0          0         68   rt_memcpy_v6.o
       100          0          0          0          0         80   rt_memcpy_w.o
         2          0          0          0          0          0   rtexit.o
        10          0          0          0          0          0   rtexit2.o
       128          0          0          0          0         68   strcmpv7m.o
        62          0          0          0          0         76   strlen.o
        12          4          0          0          0         68   sys_exit.o
        74          0          0          0          0         80   sys_stackheap_outer.o
         2          0          0          0          0         68   use_no_semi.o
        36          4          0          0          0         76   vsprintf.o
        98          4          0          0          0         92   d2f.o
       804         16          0          0          0        272   daddsub_clz.o
       688        140          0          0          0        208   ddiv.o
        84          0          0          0          0        136   dflt_clz.o
       340         12          0          0          0        104   dmul.o
       156          4          0          0          0         92   dnaninf.o
        12          0          0          0          0         68   dretinf.o
        86          4          0          0          0         84   f2d.o
       430          8          0          0          0        168   faddsub_clz.o
        24          0          0          0          0         68   fcmpi.o
       388         76          0          0          0         96   fdiv.o
        62          4          0          0          0         84   ffixu.o
        86          0          0          0          0        136   fflt_clz.o
       104          4          0          0          0         84   fleqf.o
       140          4          0          0          0         84   fnaninf.o
        10          0          0          0          0         68   fretinf.o
        98          0          0          0          0         68   frleqf.o
         4          0          0          0          0         68   printf1.o
         4          0          0          0          0         68   printf2.o
         0          0          0          0          0          0   usenofp.o
        40          0          0          0          0         68   fpclassify.o

    ----------------------------------------------------------------------
     10944        548        556          0         96       6532   Library Totals
        26          0          5          0          0          0   (incl. Padding)

    ----------------------------------------------------------------------

      Code (inc. data)   RO Data    RW Data    ZI Data      Debug   Library Name

      7260        272        551          0         96       4416   c_w.l
      3618        276          0          0          0       2048   fz_ws.l
        40          0          0          0          0         68   m_ws.l

    ----------------------------------------------------------------------
     10944        548        556          0         96       6532   Library Totals

    ----------------------------------------------------------------------

==============================================================================


      Code (inc. data)   RO Data    RW Data    ZI Data      Debug   

     34442       2500       2250        364      23932     422313   Grand Totals
     34442       2500       2250         84      23932     422313   ELF Image Totals (compressed)
     34442       2500       2250         84          0          0   ROM Totals

==============================================================================

    Total RO  Size (Code + RO Data)                36692 (  35.83kB)
    Total RW  Size (RW Data + ZI Data)             24296 (  23.73kB)
    Total ROM Size (Code + RO Data + RW Data)      36776 (  35.91kB)

==============================================================================

